Archive member included to satisfy reference by file (symbol)

C:/ST/STM32CubeCLT_1.19.0/GNU-tools-for-STM32/bin/../lib/gcc/arm-none-eabi/13.3.1/thumb/v7e-m+fp/hard\libgcc.a(_arm_addsubdf3.o)
                              build/driver/scr/adc.o (__aeabi_dadd)
C:/ST/STM32CubeCLT_1.19.0/GNU-tools-for-STM32/bin/../lib/gcc/arm-none-eabi/13.3.1/thumb/v7e-m+fp/hard\libgcc.a(_arm_muldivdf3.o)
                              build/driver/scr/adc.o (__aeabi_ddiv)
C:/ST/STM32CubeCLT_1.19.0/GNU-tools-for-STM32/bin/../lib/gcc/arm-none-eabi/13.3.1/thumb/v7e-m+fp/hard\libgcc.a(_arm_truncdfsf2.o)
                              build/driver/scr/adc.o (__aeabi_d2f)
C:/ST/STM32CubeCLT_1.19.0/GNU-tools-for-STM32/bin/../lib/gcc/arm-none-eabi/13.3.1/../../../../arm-none-eabi/lib/thumb/v7e-m+fp/hard\libc.a(libc_a-exit.o)
                              C:/ST/STM32CubeCLT_1.19.0/GNU-tools-for-STM32/bin/../lib/gcc/arm-none-eabi/13.3.1/../../../../arm-none-eabi/lib/thumb/v7e-m+fp/hard/crt0.o (exit)
C:/ST/STM32CubeCLT_1.19.0/GNU-tools-for-STM32/bin/../lib/gcc/arm-none-eabi/13.3.1/../../../../arm-none-eabi/lib/thumb/v7e-m+fp/hard\libc.a(libc_a-findfp.o)
                              C:/ST/STM32CubeCLT_1.19.0/GNU-tools-for-STM32/bin/../lib/gcc/arm-none-eabi/13.3.1/../../../../arm-none-eabi/lib/thumb/v7e-m+fp/hard\libc.a(libc_a-exit.o) (__stdio_exit_handler)
C:/ST/STM32CubeCLT_1.19.0/GNU-tools-for-STM32/bin/../lib/gcc/arm-none-eabi/13.3.1/../../../../arm-none-eabi/lib/thumb/v7e-m+fp/hard\libc.a(libc_a-fwalk.o)
                              C:/ST/STM32CubeCLT_1.19.0/GNU-tools-for-STM32/bin/../lib/gcc/arm-none-eabi/13.3.1/../../../../arm-none-eabi/lib/thumb/v7e-m+fp/hard\libc.a(libc_a-findfp.o) (_fwalk_sglue)
C:/ST/STM32CubeCLT_1.19.0/GNU-tools-for-STM32/bin/../lib/gcc/arm-none-eabi/13.3.1/../../../../arm-none-eabi/lib/thumb/v7e-m+fp/hard\libc.a(libc_a-stdio.o)
                              C:/ST/STM32CubeCLT_1.19.0/GNU-tools-for-STM32/bin/../lib/gcc/arm-none-eabi/13.3.1/../../../../arm-none-eabi/lib/thumb/v7e-m+fp/hard\libc.a(libc_a-findfp.o) (__sread)
C:/ST/STM32CubeCLT_1.19.0/GNU-tools-for-STM32/bin/../lib/gcc/arm-none-eabi/13.3.1/../../../../arm-none-eabi/lib/thumb/v7e-m+fp/hard\libc.a(libc_a-vsnprintf.o)
                              build/driver/scr/uart.o (vsnprintf)
C:/ST/STM32CubeCLT_1.19.0/GNU-tools-for-STM32/bin/../lib/gcc/arm-none-eabi/13.3.1/../../../../arm-none-eabi/lib/thumb/v7e-m+fp/hard\libc.a(libc_a-memset.o)
                              C:/ST/STM32CubeCLT_1.19.0/GNU-tools-for-STM32/bin/../lib/gcc/arm-none-eabi/13.3.1/../../../../arm-none-eabi/lib/thumb/v7e-m+fp/hard/crt0.o (memset)
C:/ST/STM32CubeCLT_1.19.0/GNU-tools-for-STM32/bin/../lib/gcc/arm-none-eabi/13.3.1/../../../../arm-none-eabi/lib/thumb/v7e-m+fp/hard\libc.a(libc_a-strstr.o)
                              build/driver/scr/uart.o (strstr)
C:/ST/STM32CubeCLT_1.19.0/GNU-tools-for-STM32/bin/../lib/gcc/arm-none-eabi/13.3.1/../../../../arm-none-eabi/lib/thumb/v7e-m+fp/hard\libc.a(libc_a-closer.o)
                              C:/ST/STM32CubeCLT_1.19.0/GNU-tools-for-STM32/bin/../lib/gcc/arm-none-eabi/13.3.1/../../../../arm-none-eabi/lib/thumb/v7e-m+fp/hard\libc.a(libc_a-stdio.o) (_close_r)
C:/ST/STM32CubeCLT_1.19.0/GNU-tools-for-STM32/bin/../lib/gcc/arm-none-eabi/13.3.1/../../../../arm-none-eabi/lib/thumb/v7e-m+fp/hard\libc.a(libc_a-reent.o)
                              C:/ST/STM32CubeCLT_1.19.0/GNU-tools-for-STM32/bin/../lib/gcc/arm-none-eabi/13.3.1/../../../../arm-none-eabi/lib/thumb/v7e-m+fp/hard\libc.a(libc_a-closer.o) (errno)
C:/ST/STM32CubeCLT_1.19.0/GNU-tools-for-STM32/bin/../lib/gcc/arm-none-eabi/13.3.1/../../../../arm-none-eabi/lib/thumb/v7e-m+fp/hard\libc.a(libc_a-impure.o)
                              C:/ST/STM32CubeCLT_1.19.0/GNU-tools-for-STM32/bin/../lib/gcc/arm-none-eabi/13.3.1/../../../../arm-none-eabi/lib/thumb/v7e-m+fp/hard\libc.a(libc_a-vsnprintf.o) (_impure_ptr)
C:/ST/STM32CubeCLT_1.19.0/GNU-tools-for-STM32/bin/../lib/gcc/arm-none-eabi/13.3.1/../../../../arm-none-eabi/lib/thumb/v7e-m+fp/hard\libc.a(libc_a-lseekr.o)
                              C:/ST/STM32CubeCLT_1.19.0/GNU-tools-for-STM32/bin/../lib/gcc/arm-none-eabi/13.3.1/../../../../arm-none-eabi/lib/thumb/v7e-m+fp/hard\libc.a(libc_a-stdio.o) (_lseek_r)
C:/ST/STM32CubeCLT_1.19.0/GNU-tools-for-STM32/bin/../lib/gcc/arm-none-eabi/13.3.1/../../../../arm-none-eabi/lib/thumb/v7e-m+fp/hard\libc.a(libc_a-readr.o)
                              C:/ST/STM32CubeCLT_1.19.0/GNU-tools-for-STM32/bin/../lib/gcc/arm-none-eabi/13.3.1/../../../../arm-none-eabi/lib/thumb/v7e-m+fp/hard\libc.a(libc_a-stdio.o) (_read_r)
C:/ST/STM32CubeCLT_1.19.0/GNU-tools-for-STM32/bin/../lib/gcc/arm-none-eabi/13.3.1/../../../../arm-none-eabi/lib/thumb/v7e-m+fp/hard\libc.a(libc_a-writer.o)
                              C:/ST/STM32CubeCLT_1.19.0/GNU-tools-for-STM32/bin/../lib/gcc/arm-none-eabi/13.3.1/../../../../arm-none-eabi/lib/thumb/v7e-m+fp/hard\libc.a(libc_a-stdio.o) (_write_r)
[...]
Memory Configuration

Name             Origin             Length             Attributes
CCMRAM           0x10000000         0x00010000         xrw
VTTB             0x20000000         0x00000400         xrw
RAM              0x20000400         0x0001fc00         xrw
FLASH            0x08000000         0x00080000         xr
*default*        0x00000000         0xffffffff

Linker script and memory map

LOAD C:/ST/STM32CubeCLT_1.19.0/GNU-tools-for-STM32/bin/../lib/gcc/arm-none-eabi/13.3.1/thumb/v7e-m+fp/hard/crti.o
LOAD C:/ST/STM32CubeCLT_1.19.0/GNU-tools-for-STM32/bin/../lib/gcc/arm-none-eabi/13.3.1/thumb/v7e-m+fp/hard/crtbegin.o
LOAD C:/ST/STM32CubeCLT_1.19.0/GNU-tools-for-STM32/bin/../lib/gcc/arm-none-eabi/13.3.1/../../../../arm-none-eabi/lib/thumb/v7e-m+fp/hard/crt0.o
LOAD build/Src/syscalls.o
LOAD build/Src/sysmem.o
LOAD build/Src/test_timer.o
LOAD build/driver/scr/adc.o
LOAD build/driver/scr/clock.o
LOAD build/driver/scr/flash.o
LOAD build/driver/scr/gpio.o
LOAD build/driver/scr/spi_driver.o
LOAD build/driver/scr/uart.o
LOAD build/driver/Mylib/Src/delay.o
LOAD build/driver/Mylib/Src/dht11.o
LOAD build/driver/Mylib/Src/led.o
LOAD build/driver/Mylib/Src/low_power.o
LOAD build/driver/Mylib/Src/spi.o
LOAD build/FreeRTOS-LTS/FreeRTOS/FreeRTOS-Kernel/croutine.o
LOAD build/FreeRTOS-LTS/FreeRTOS/FreeRTOS-Kernel/event_groups.o
LOAD build/FreeRTOS-LTS/FreeRTOS/FreeRTOS-Kernel/list.o
LOAD build/FreeRTOS-LTS/FreeRTOS/FreeRTOS-Kernel/queue.o
LOAD build/FreeRTOS-LTS/FreeRTOS/FreeRTOS-Kernel/stream_buffer.o
LOAD build/FreeRTOS-LTS/FreeRTOS/FreeRTOS-Kernel/tasks.o
LOAD build/FreeRTOS-LTS/FreeRTOS/FreeRTOS-Kernel/timers.o
LOAD build/FreeRTOS-LTS/FreeRTOS/FreeRTOS-Kernel/portable/GCC/ARM_CM4F/port.o
LOAD build/FreeRTOS-LTS/FreeRTOS/FreeRTOS-Kernel/portable/MemMang/heap_4.o
LOAD build/Startup/startup_stm32f407vetx.o
START GROUP
LOAD C:/ST/STM32CubeCLT_1.19.0/GNU-tools-for-STM32/bin/../lib/gcc/arm-none-eabi/13.3.1/thumb/v7e-m+fp/hard\libgcc.a
LOAD C:/ST/STM32CubeCLT_1.19.0/GNU-tools-for-STM32/bin/../lib/gcc/arm-none-eabi/13.3.1/../../../../arm-none-eabi/lib/thumb/v7e-m+fp/hard\libc.a
END GROUP
START GROUP
LOAD C:/ST/STM32CubeCLT_1.19.0/GNU-tools-for-STM32/bin/../lib/gcc/arm-none-eabi/13.3.1/thumb/v7e-m+fp/hard\libgcc.a
LOAD C:/ST/STM32CubeCLT_1.19.0/GNU-tools-for-STM32/bin/../lib/gcc/arm-none-eabi/13.3.1/../../../../arm-none-eabi/lib/thumb/v7e-m+fp/hard\libc.a
LOAD C:/ST/STM32CubeCLT_1.19.0/GNU-tools-for-STM32/bin/../lib/gcc/arm-none-eabi/13.3.1/../../../../arm-none-eabi/lib/thumb/v7e-m+fp/hard\libnosys.a
END GROUP
LOAD C:/ST/STM32CubeCLT_1.19.0/GNU-tools-for-STM32/bin/../lib/gcc/arm-none-eabi/13.3.1/thumb/v7e-m+fp/hard/crtend.o
LOAD C:/ST/STM32CubeCLT_1.19.0/GNU-tools-for-STM32/bin/../lib/gcc/arm-none-eabi/13.3.1/thumb/v7e-m+fp/hard/crtn.o
                0x20020000                        _estack = (ORIGIN (RAM) + LENGTH (RAM))
                0x00000200                        _Min_Heap_Size = 0x200
                0x00000400                        _Min_Stack_Size = 0x400

.isr_vector     0x08000000      0x188
                0x08000000                        . = ALIGN (0x4)
 *(.isr_vector)
 .isr_vector    0x08000000      0x188 build/Startup/startup_stm32f407vetx.o
                0x08000000                g_pfnVectors
                0x08000188                        . = ALIGN (0x4)

.text           0x08000190     0x9e58
                0x08000190                        . = ALIGN (0x4)
 *(.text)
 .text          0x08000190       0x40 C:/ST/STM32CubeCLT_1.19.0/GNU-tools-for-STM32/bin/../lib/gcc/arm-none-eabi/13.3.1/thumb/v7e-m+fp/hard/crtbegin.o
 .text          0x080001d0      0x378 C:/ST/STM32CubeCLT_1.19.0/GNU-tools-for-STM32/bin/../lib/gcc/arm-none-eabi/13.3.1/thumb/v7e-m+fp/hard\libgcc.a(_arm_addsubdf3.o)
                0x080001d0                __aeabi_drsub
                0x080001d8                __aeabi_dsub
                0x080001d8                __subdf3
                0x080001dc                __aeabi_dadd
                0x080001dc                __adddf3
                0x08000454                __floatunsidf
                0x08000454                __aeabi_ui2d
                0x08000474                __floatsidf
                0x08000474                __aeabi_i2d
                0x08000498                __aeabi_f2d
                0x08000498                __extendsfdf2
                0x080004dc                __floatundidf
                0x080004dc                __aeabi_ul2d
                0x080004ec                __floatdidf
                0x080004ec                __aeabi_l2d
 .text          0x08000548      0x424 C:/ST/STM32CubeCLT_1.19.0/GNU-tools-for-STM32/bin/../lib/gcc/arm-none-eabi/13.3.1/thumb/v7e-m+fp/hard\libgcc.a(_arm_muldivdf3.o)
                0x08000548                __aeabi_dmul
                0x08000548                __muldf3
                0x0800079c                __divdf3
                0x0800079c                __aeabi_ddiv
 .text          0x0800096c       0xa0 C:/ST/STM32CubeCLT_1.19.0/GNU-tools-for-STM32/bin/../lib/gcc/arm-none-eabi/13.3.1/thumb/v7e-m+fp/hard\libgcc.a(_arm_truncdfsf2.o)
                0x0800096c                __truncdfsf2
                0x0800096c                __aeabi_d2f
 .text          0x08000a0c       0x10 C:/ST/STM32CubeCLT_1.19.0/GNU-tools-for-STM32/bin/../lib/gcc/arm-none-eabi/13.3.1/../../../../arm-none-eabi/lib/thumb/v7e-m+fp/hard\libc.a(libc_a-strlen.o)
                0x08000a0c                strlen
 *fill*         0x08000a1c        0x4 
 .text          0x08000a20       0xa0 C:/ST/STM32CubeCLT_1.19.0/GNU-tools-for-STM32/bin/../lib/gcc/arm-none-eabi/13.3.1/../../../../arm-none-eabi/lib/thumb/v7e-m+fp/hard\libc.a(libc_a-memchr.o)
                0x08000a20                memchr
 .text          0x08000ac0      0x110 C:/ST/STM32CubeCLT_1.19.0/GNU-tools-for-STM32/bin/../lib/gcc/arm-none-eabi/13.3.1/thumb/v7e-m+fp/hard\libgcc.a(_arm_cmpdf2.o)
                0x08000ac0                __gtdf2
                0x08000ac0                __gedf2
                0x08000ac8                __ltdf2
                0x08000ac8                __ledf2
                0x08000ad0                __nedf2
                0x08000ad0                __eqdf2
                0x08000ad0                __cmpdf2
                0x08000b4c                __aeabi_cdrcmple
                0x08000b5c                __aeabi_cdcmpeq
                0x08000b5c                __aeabi_cdcmple
                0x08000b6c                __aeabi_dcmpeq
                0x08000b80                __aeabi_dcmplt
                0x08000b94                __aeabi_dcmple
                0x08000ba8                __aeabi_dcmpge
                0x08000bbc                __aeabi_dcmpgt
 .text          0x08000bd0       0x2c C:/ST/STM32CubeCLT_1.19.0/GNU-tools-for-STM32/bin/../lib/gcc/arm-none-eabi/13.3.1/thumb/v7e-m+fp/hard\libgcc.a(_arm_unorddf2.o)
                0x08000bd0                __unorddf2
                0x08000bd0                __aeabi_dcmpun
 .text          0x08000bfc       0x50 C:/ST/STM32CubeCLT_1.19.0/GNU-tools-for-STM32/bin/../lib/gcc/arm-none-eabi/13.3.1/thumb/v7e-m+fp/hard\libgcc.a(_arm_fixdfsi.o)
                0x08000bfc                __aeabi_d2iz
                0x08000bfc                __fixdfsi
 .text          0x08000c4c       0x30 C:/ST/STM32CubeCLT_1.19.0/GNU-tools-for-STM32/bin/../lib/gcc/arm-none-eabi/13.3.1/thumb/v7e-m+fp/hard\libgcc.a(_aeabi_uldivmod.o)
                0x08000c4c                __aeabi_uldivmod
 .text          0x08000c7c      0x2f8 C:/ST/STM32CubeCLT_1.19.0/GNU-tools-for-STM32/bin/../lib/gcc/arm-none-eabi/13.3.1/thumb/v7e-m+fp/hard\libgcc.a(_udivmoddi4.o)
                0x08000c7c                __udivmoddi4
 .text          0x08000f74        0x4 C:/ST/STM32CubeCLT_1.19.0/GNU-tools-for-STM32/bin/../lib/gcc/arm-none-eabi/13.3.1/thumb/v7e-m+fp/hard\libgcc.a(_dvmd_tls.o)
                0x08000f74                __aeabi_idiv0
                0x08000f74                __aeabi_ldiv0
 *(.text*)
 .text._getpid  0x08000f78       0x10 build/Src/syscalls.o
                0x08000f78                _getpid
 .text._kill    0x08000f88       0x20 build/Src/syscalls.o
                0x08000f88                _kill
 .text._exit    0x08000fa8       0x14 build/Src/syscalls.o
                0x08000fa8                _exit
 .text._read    0x08000fbc       0x3a build/Src/syscalls.o
                0x08000fbc                _read
 .text._write   0x08000ff6       0x38 build/Src/syscalls.o
                0x08000ff6                _write
 .text._close   0x0800102e       0x18 build/Src/syscalls.o
                0x0800102e                _close
 .text._fstat   0x08001046       0x20 build/Src/syscalls.o
                0x08001046                _fstat
 .text._isatty  0x08001066       0x16 build/Src/syscalls.o
                0x08001066                _isatty
 .text._lseek   0x0800107c       0x1a build/Src/syscalls.o
                0x0800107c                _lseek
 *fill*         0x08001096        0x2 
 .text._sbrk    0x08001098       0x6c build/Src/sysmem.o
                0x08001098                _sbrk
 .text.SystemInit
                0x08001104        0xc build/Src/test_timer.o
                0x08001104                SystemInit
 .text.vApplicationStackOverflowHook
                0x08001110       0x20 build/Src/test_timer.o
                0x08001110                vApplicationStackOverflowHook
 .text.func_1   0x08001130       0x26 build/Src/test_timer.o
                0x08001130                func_1
 .text.func_2   0x08001156       0x26 build/Src/test_timer.o
                0x08001156                func_2
 .text.func_3   0x0800117c       0xbc build/Src/test_timer.o
                0x0800117c                func_3
 .text.func_4   0x08001238       0x5c build/Src/test_timer.o
                0x08001238                func_4
 .text.func_5   0x08001294       0x3c build/Src/test_timer.o
                0x08001294                func_5
 .text.func_6   0x080012d0      0x104 build/Src/test_timer.o
                0x080012d0                func_6
 .text.func_7   0x080013d4       0xc8 build/Src/test_timer.o
                0x080013d4                func_7
 .text.func_8   0x0800149c       0xc8 build/Src/test_timer.o
                0x0800149c                func_8
 .text.main     0x08001564      0x204 build/Src/test_timer.o
                0x08001564                main
 .text.HardFault_Handler
                0x08001768        0x6 build/Src/test_timer.o
                0x08001768                HardFault_Handler
 *fill*         0x0800176e        0x2 
 .text.adc_init
                0x08001770       0x9c build/driver/scr/adc.o
                0x08001770                adc_init
 *fill*         0x0800180c        0x4 
 .text.adc_get_temp_ss
                0x08001810       0xf0 build/driver/scr/adc.o
                0x08001810                adc_get_temp_ss
 .text.clock_init
                0x08001900      0x16c build/driver/scr/clock.o
                0x08001900                clock_init
 .text.clock_enable_APB2
                0x08001a6c       0x30 build/driver/scr/clock.o
                0x08001a6c                clock_enable_APB2
 .text.GPIO_PClkControl
                0x08001a9c      0x1d0 build/driver/scr/gpio.o
                0x08001a9c                GPIO_PClkControl
 .text.GPIO_WriteToOutputPin
                0x08001c6c       0x4a build/driver/scr/gpio.o
                0x08001c6c                GPIO_WriteToOutputPin
 *fill*         0x08001cb6        0x2 
 .text.GPIO_Init
                0x08001cb8      0x31c build/driver/scr/gpio.o
                0x08001cb8                GPIO_Init
 .text.UART1_init
                0x08001fd4       0xd0 build/driver/scr/uart.o
                0x08001fd4                UART1_init
 .text.UART1_Send_1byte
                0x080020a4       0x58 build/driver/scr/uart.o
                0x080020a4                UART1_Send_1byte
 .text.uart1_rx_handler
                0x080020fc       0x78 build/driver/scr/uart.o
                0x080020fc                uart1_rx_handler
 .text.USART1_IRQHandler
                0x08002174        0xc build/driver/scr/uart.o
                0x08002174                USART1_IRQHandler
 .text.printlog
                0x08002180       0xa2 build/driver/scr/uart.o
                0x08002180                printlog
 *fill*         0x08002222        0x2 
 .text.delay_init
                0x08002224       0x7c build/driver/Mylib/Src/delay.o
                0x08002224                delay_init
 .text.delay_us
                0x080022a0       0x34 build/driver/Mylib/Src/delay.o
                0x080022a0                delay_us
 .text.dht_read_pin
                0x080022d4       0x30 build/driver/Mylib/Src/dht11.o
 .text.dht_wait_level
                0x08002304       0x3e build/driver/Mylib/Src/dht11.o
 .text.dht_setout
                0x08002342       0xd4 build/driver/Mylib/Src/dht11.o
 .text.dht_setin
                0x08002416       0xa2 build/driver/Mylib/Src/dht11.o
 .text.dht_init
                0x080024b8       0x56 build/driver/Mylib/Src/dht11.o
                0x080024b8                dht_init
 *fill*         0x0800250e        0x2 
 .text.dht_start
                0x08002510       0xa4 build/driver/Mylib/Src/dht11.o
                0x08002510                dht_start
 .text.dht_read_byte
                0x080025b4       0x98 build/driver/Mylib/Src/dht11.o
 .text.dht_read_TempHum
                0x0800264c      0x10c build/driver/Mylib/Src/dht11.o
                0x0800264c                dht_read_TempHum
 .text.led_init
                0x08002758       0x50 build/driver/Mylib/Src/led.o
                0x08002758                led_init
 .text.led_on   0x080027a8       0x3c build/driver/Mylib/Src/led.o
                0x080027a8                led_on
 .text.led_off  0x080027e4       0x3c build/driver/Mylib/Src/led.o
                0x080027e4                led_off
 .text.xEventGroupCreate
                0x08002820       0x36 build/FreeRTOS-LTS/FreeRTOS/FreeRTOS-Kernel/event_groups.o
                0x08002820                xEventGroupCreate
 *fill*         0x08002856        0x2 
 .text.xEventGroupWaitBits
                0x08002858      0x114 build/FreeRTOS-LTS/FreeRTOS/FreeRTOS-Kernel/event_groups.o
                0x08002858                xEventGroupWaitBits
 .text.xEventGroupSetBits
                0x0800296c       0xde build/FreeRTOS-LTS/FreeRTOS/FreeRTOS-Kernel/event_groups.o
                0x0800296c                xEventGroupSetBits
 .text.prvTestWaitCondition
                0x08002a4a       0x44 build/FreeRTOS-LTS/FreeRTOS/FreeRTOS-Kernel/event_groups.o
 .text.vListInitialise
                0x08002a8e       0x4c build/FreeRTOS-LTS/FreeRTOS/FreeRTOS-Kernel/list.o
                0x08002a8e                vListInitialise
 .text.vListInitialiseItem
                0x08002ada       0x1a build/FreeRTOS-LTS/FreeRTOS/FreeRTOS-Kernel/list.o
                0x08002ada                vListInitialiseItem
 .text.vListInsert
                0x08002af4       0x72 build/FreeRTOS-LTS/FreeRTOS/FreeRTOS-Kernel/list.o
                0x08002af4                vListInsert
 .text.uxListRemove
                0x08002b66       0x54 build/FreeRTOS-LTS/FreeRTOS/FreeRTOS-Kernel/list.o
                0x08002b66                uxListRemove
 *fill*         0x08002bba        0x2 
 .text.xQueueGenericReset
                0x08002bbc       0xe8 build/FreeRTOS-LTS/FreeRTOS/FreeRTOS-Kernel/queue.o
                0x08002bbc                xQueueGenericReset
 .text.xQueueGenericCreateStatic
                0x08002ca4       0x60 build/FreeRTOS-LTS/FreeRTOS/FreeRTOS-Kernel/queue.o
                0x08002ca4                xQueueGenericCreateStatic
 .text.xQueueGenericCreate
                0x08002d04       0x86 build/FreeRTOS-LTS/FreeRTOS/FreeRTOS-Kernel/queue.o
                0x08002d04                xQueueGenericCreate
 .text.prvInitialiseNewQueue
                0x08002d8a       0x44 build/FreeRTOS-LTS/FreeRTOS/FreeRTOS-Kernel/queue.o
 .text.prvInitialiseMutex
                0x08002dce       0x34 build/FreeRTOS-LTS/FreeRTOS/FreeRTOS-Kernel/queue.o
 .text.xQueueCreateMutex
                0x08002e02       0x30 build/FreeRTOS-LTS/FreeRTOS/FreeRTOS-Kernel/queue.o
                0x08002e02                xQueueCreateMutex
 *fill*         0x08002e32        0x2 
 .text.xQueueGenericSend
                0x08002e34      0x18c build/FreeRTOS-LTS/FreeRTOS/FreeRTOS-Kernel/queue.o
                0x08002e34                xQueueGenericSend
 .text.xQueueReceive
                0x08002fc0      0x144 build/FreeRTOS-LTS/FreeRTOS/FreeRTOS-Kernel/queue.o
                0x08002fc0                xQueueReceive
 .text.xQueueSemaphoreTake
                0x08003104      0x190 build/FreeRTOS-LTS/FreeRTOS/FreeRTOS-Kernel/queue.o
                0x08003104                xQueueSemaphoreTake
 .text.prvGetHighestPriorityOfWaitToReceiveList
                0x08003294       0x30 build/FreeRTOS-LTS/FreeRTOS/FreeRTOS-Kernel/queue.o
 .text.prvCopyDataToQueue
                0x080032c4       0xd4 build/FreeRTOS-LTS/FreeRTOS/FreeRTOS-Kernel/queue.o
 .text.prvCopyDataFromQueue
                0x08003398       0x4c build/FreeRTOS-LTS/FreeRTOS/FreeRTOS-Kernel/queue.o
 .text.prvUnlockQueue
                0x080033e4       0xbe build/FreeRTOS-LTS/FreeRTOS/FreeRTOS-Kernel/queue.o
 .text.prvIsQueueEmpty
                0x080034a2       0x2c build/FreeRTOS-LTS/FreeRTOS/FreeRTOS-Kernel/queue.o
 .text.prvIsQueueFull
                0x080034ce       0x30 build/FreeRTOS-LTS/FreeRTOS/FreeRTOS-Kernel/queue.o
 .text.vQueueWaitForMessageRestricted
                0x080034fe       0x68 build/FreeRTOS-LTS/FreeRTOS/FreeRTOS-Kernel/queue.o
                0x080034fe                vQueueWaitForMessageRestricted
 .text.prvNotifyQueueSetContainer
                0x08003566       0x84 build/FreeRTOS-LTS/FreeRTOS/FreeRTOS-Kernel/queue.o
 .text.prvCreateStaticTask
                0x080035ea       0x62 build/FreeRTOS-LTS/FreeRTOS/FreeRTOS-Kernel/tasks.o
 .text.xTaskCreateStatic
                0x0800364c       0x48 build/FreeRTOS-LTS/FreeRTOS/FreeRTOS-Kernel/tasks.o
                0x0800364c                xTaskCreateStatic
 .text.prvCreateTask
                0x08003694       0x80 build/FreeRTOS-LTS/FreeRTOS/FreeRTOS-Kernel/tasks.o
 .text.xTaskCreate
                0x08003714       0x46 build/FreeRTOS-LTS/FreeRTOS/FreeRTOS-Kernel/tasks.o
                0x08003714                xTaskCreate
 .text.prvInitialiseNewTask
                0x0800375a       0xe0 build/FreeRTOS-LTS/FreeRTOS/FreeRTOS-Kernel/tasks.o
 *fill*         0x0800383a        0x2 
 .text.prvAddNewTaskToReadyList
                0x0800383c      0x12c build/FreeRTOS-LTS/FreeRTOS/FreeRTOS-Kernel/tasks.o
 .text.vTaskDelay
                0x08003968       0x48 build/FreeRTOS-LTS/FreeRTOS/FreeRTOS-Kernel/tasks.o
                0x08003968                vTaskDelay
 .text.prvCreateIdleTasks
                0x080039b0       0xe8 build/FreeRTOS-LTS/FreeRTOS/FreeRTOS-Kernel/tasks.o
 .text.vTaskStartScheduler
                0x08003a98       0x68 build/FreeRTOS-LTS/FreeRTOS/FreeRTOS-Kernel/tasks.o
                0x08003a98                vTaskStartScheduler
 .text.vTaskSuspendAll
                0x08003b00       0x1c build/FreeRTOS-LTS/FreeRTOS/FreeRTOS-Kernel/tasks.o
                0x08003b00                vTaskSuspendAll
 .text.xTaskResumeAll
                0x08003b1c      0x1f4 build/FreeRTOS-LTS/FreeRTOS/FreeRTOS-Kernel/tasks.o
                0x08003b1c                xTaskResumeAll
 .text.xTaskGetTickCount
                0x08003d10       0x20 build/FreeRTOS-LTS/FreeRTOS/FreeRTOS-Kernel/tasks.o
                0x08003d10                xTaskGetTickCount
 .text.uxTaskGetNumberOfTasks
                0x08003d30       0x18 build/FreeRTOS-LTS/FreeRTOS/FreeRTOS-Kernel/tasks.o
                0x08003d30                uxTaskGetNumberOfTasks
 .text.xTaskIncrementTick
                0x08003d48      0x214 build/FreeRTOS-LTS/FreeRTOS/FreeRTOS-Kernel/tasks.o
                0x08003d48                xTaskIncrementTick
 .text.vTaskSwitchContext
                0x08003f5c       0xfc build/FreeRTOS-LTS/FreeRTOS/FreeRTOS-Kernel/tasks.o
                0x08003f5c                vTaskSwitchContext
 .text.vTaskPlaceOnEventList
                0x08004058       0x2c build/FreeRTOS-LTS/FreeRTOS/FreeRTOS-Kernel/tasks.o
                0x08004058                vTaskPlaceOnEventList
 .text.vTaskPlaceOnUnorderedEventList
                0x08004084       0x70 build/FreeRTOS-LTS/FreeRTOS/FreeRTOS-Kernel/tasks.o
                0x08004084                vTaskPlaceOnUnorderedEventList
 .text.vTaskPlaceOnEventListRestricted
                0x080040f4       0x70 build/FreeRTOS-LTS/FreeRTOS/FreeRTOS-Kernel/tasks.o
                0x080040f4                vTaskPlaceOnEventListRestricted
 .text.xTaskRemoveFromEventList
                0x08004164      0x198 build/FreeRTOS-LTS/FreeRTOS/FreeRTOS-Kernel/tasks.o
                0x08004164                xTaskRemoveFromEventList
 .text.vTaskRemoveFromUnorderedEventList
                0x080042fc      0x148 build/FreeRTOS-LTS/FreeRTOS/FreeRTOS-Kernel/tasks.o
                0x080042fc                vTaskRemoveFromUnorderedEventList
 .text.vTaskInternalSetTimeOutState
                0x08004444       0x2c build/FreeRTOS-LTS/FreeRTOS/FreeRTOS-Kernel/tasks.o
                0x08004444                vTaskInternalSetTimeOutState
 .text.xTaskCheckForTimeOut
                0x08004470       0xb4 build/FreeRTOS-LTS/FreeRTOS/FreeRTOS-Kernel/tasks.o
                0x08004470                xTaskCheckForTimeOut
 .text.vTaskMissedYield
                0x08004524       0x18 build/FreeRTOS-LTS/FreeRTOS/FreeRTOS-Kernel/tasks.o
                0x08004524                vTaskMissedYield
 .text.prvIdleTask
                0x0800453c       0x30 build/FreeRTOS-LTS/FreeRTOS/FreeRTOS-Kernel/tasks.o
 .text.prvInitialiseTaskLists
                0x0800456c       0x80 build/FreeRTOS-LTS/FreeRTOS/FreeRTOS-Kernel/tasks.o
 .text.prvCheckTasksWaitingTermination
                0x080045ec       0x5c build/FreeRTOS-LTS/FreeRTOS/FreeRTOS-Kernel/tasks.o
 .text.prvDeleteTCB
                0x08004648       0x3c build/FreeRTOS-LTS/FreeRTOS/FreeRTOS-Kernel/tasks.o
 .text.prvResetNextTaskUnblockTime
                0x08004684       0x38 build/FreeRTOS-LTS/FreeRTOS/FreeRTOS-Kernel/tasks.o
 .text.xTaskPriorityInherit
                0x080046bc      0x124 build/FreeRTOS-LTS/FreeRTOS/FreeRTOS-Kernel/tasks.o
                0x080046bc                xTaskPriorityInherit
 .text.xTaskPriorityDisinherit
                0x080047e0       0xec build/FreeRTOS-LTS/FreeRTOS/FreeRTOS-Kernel/tasks.o
                0x080047e0                xTaskPriorityDisinherit
 .text.vTaskPriorityDisinheritAfterTimeout
                0x080048cc      0x114 build/FreeRTOS-LTS/FreeRTOS/FreeRTOS-Kernel/tasks.o
                0x080048cc                vTaskPriorityDisinheritAfterTimeout
 .text.uxTaskResetEventItemValue
                0x080049e0       0x30 build/FreeRTOS-LTS/FreeRTOS/FreeRTOS-Kernel/tasks.o
                0x080049e0                uxTaskResetEventItemValue
 .text.pvTaskIncrementMutexHeldCount
                0x08004a10       0x30 build/FreeRTOS-LTS/FreeRTOS/FreeRTOS-Kernel/tasks.o
                0x08004a10                pvTaskIncrementMutexHeldCount
 .text.prvAddCurrentTaskToDelayedList
                0x08004a40       0xec build/FreeRTOS-LTS/FreeRTOS/FreeRTOS-Kernel/tasks.o
 .text.vApplicationGetIdleTaskMemory
                0x08004b2c       0x34 build/FreeRTOS-LTS/FreeRTOS/FreeRTOS-Kernel/tasks.o
                0x08004b2c                vApplicationGetIdleTaskMemory
 .text.vApplicationGetTimerTaskMemory
                0x08004b60       0x34 build/FreeRTOS-LTS/FreeRTOS/FreeRTOS-Kernel/tasks.o
                0x08004b60                vApplicationGetTimerTaskMemory
 .text.xTimerCreateTimerTask
                0x08004b94       0x74 build/FreeRTOS-LTS/FreeRTOS/FreeRTOS-Kernel/timers.o
                0x08004b94                xTimerCreateTimerTask
 .text.prvReloadTimer
                0x08004c08       0x42 build/FreeRTOS-LTS/FreeRTOS/FreeRTOS-Kernel/timers.o
 *fill*         0x08004c4a        0x2 
 .text.prvProcessExpiredTimer
                0x08004c4c       0x60 build/FreeRTOS-LTS/FreeRTOS/FreeRTOS-Kernel/timers.o
 .text.prvTimerTask
                0x08004cac       0x24 build/FreeRTOS-LTS/FreeRTOS/FreeRTOS-Kernel/timers.o
 .text.prvProcessTimerOrBlockTask
                0x08004cd0       0x9c build/FreeRTOS-LTS/FreeRTOS/FreeRTOS-Kernel/timers.o
 .text.prvGetNextExpireTime
                0x08004d6c       0x48 build/FreeRTOS-LTS/FreeRTOS/FreeRTOS-Kernel/timers.o
 .text.prvSampleTimeNow
                0x08004db4       0x40 build/FreeRTOS-LTS/FreeRTOS/FreeRTOS-Kernel/timers.o
 .text.prvInsertTimerInActiveList
                0x08004df4       0x84 build/FreeRTOS-LTS/FreeRTOS/FreeRTOS-Kernel/timers.o
 .text.prvProcessReceivedCommands
                0x08004e78      0x190 build/FreeRTOS-LTS/FreeRTOS/FreeRTOS-Kernel/timers.o
 .text.prvSwitchTimerLists
                0x08005008       0x4c build/FreeRTOS-LTS/FreeRTOS/FreeRTOS-Kernel/timers.o
 .text.prvCheckForValidListAndQueue
                0x08005054       0x68 build/FreeRTOS-LTS/FreeRTOS/FreeRTOS-Kernel/timers.o
 .text.pxPortInitialiseStack
                0x080050bc       0x68 build/FreeRTOS-LTS/FreeRTOS/FreeRTOS-Kernel/portable/GCC/ARM_CM4F/port.o
                0x080050bc                pxPortInitialiseStack
 .text.prvTaskExitError
                0x08005124       0x34 build/FreeRTOS-LTS/FreeRTOS/FreeRTOS-Kernel/portable/GCC/ARM_CM4F/port.o
 .text.SVC_Handler
                0x08005158       0x24 build/FreeRTOS-LTS/FreeRTOS/FreeRTOS-Kernel/portable/GCC/ARM_CM4F/port.o
                0x08005158                SVC_Handler
 .text.prvPortStartFirstTask
                0x0800517c       0x2c build/FreeRTOS-LTS/FreeRTOS/FreeRTOS-Kernel/portable/GCC/ARM_CM4F/port.o
 .text.xPortStartScheduler
                0x080051a8       0x70 build/FreeRTOS-LTS/FreeRTOS/FreeRTOS-Kernel/portable/GCC/ARM_CM4F/port.o
                0x080051a8                xPortStartScheduler
 .text.vPortEnterCritical
                0x08005218       0x34 build/FreeRTOS-LTS/FreeRTOS/FreeRTOS-Kernel/portable/GCC/ARM_CM4F/port.o
                0x08005218                vPortEnterCritical
 .text.vPortExitCritical
                0x0800524c       0x34 build/FreeRTOS-LTS/FreeRTOS/FreeRTOS-Kernel/portable/GCC/ARM_CM4F/port.o
                0x0800524c                vPortExitCritical
 .text.PendSV_Handler
                0x08005280       0x64 build/FreeRTOS-LTS/FreeRTOS/FreeRTOS-Kernel/portable/GCC/ARM_CM4F/port.o
                0x08005280                PendSV_Handler
 .text.SysTick_Handler
                0x080052e4       0x44 build/FreeRTOS-LTS/FreeRTOS/FreeRTOS-Kernel/portable/GCC/ARM_CM4F/port.o
                0x080052e4                SysTick_Handler
 .text.vPortSetupTimerInterrupt
                0x08005328       0x38 build/FreeRTOS-LTS/FreeRTOS/FreeRTOS-Kernel/portable/GCC/ARM_CM4F/port.o
                0x08005328                vPortSetupTimerInterrupt
 .text.vPortEnableVFP
                0x08005360       0x18 build/FreeRTOS-LTS/FreeRTOS/FreeRTOS-Kernel/portable/GCC/ARM_CM4F/port.o
 .text.pvPortMalloc
                0x08005378      0x164 build/FreeRTOS-LTS/FreeRTOS/FreeRTOS-Kernel/portable/MemMang/heap_4.o
                0x08005378                pvPortMalloc
 .text.vPortFree
                0x080054dc       0x74 build/FreeRTOS-LTS/FreeRTOS/FreeRTOS-Kernel/portable/MemMang/heap_4.o
                0x080054dc                vPortFree
 .text.prvHeapInit
                0x08005550       0xb4 build/FreeRTOS-LTS/FreeRTOS/FreeRTOS-Kernel/portable/MemMang/heap_4.o
 .text.prvInsertBlockIntoFreeList
                0x08005604       0xb4 build/FreeRTOS-LTS/FreeRTOS/FreeRTOS-Kernel/portable/MemMang/heap_4.o
 .text.Reset_Handler
                0x080056b8       0x50 build/Startup/startup_stm32f407vetx.o
                0x080056b8                Reset_Handler
 .text.Default_Handler
                0x08005708        0x2 build/Startup/startup_stm32f407vetx.o
                0x08005708                RTC_Alarm_IRQHandler
                0x08005708                HASH_RNG_IRQHandler
                0x08005708                EXTI2_IRQHandler
                0x08005708                TIM8_CC_IRQHandler
                0x08005708                DebugMon_Handler
                0x08005708                TIM1_CC_IRQHandler
                0x08005708                DMA2_Stream5_IRQHandler
                0x08005708                DMA1_Stream5_IRQHandler
                0x08005708                PVD_IRQHandler
                0x08005708                SDIO_IRQHandler
                0x08005708                TAMP_STAMP_IRQHandler
                0x08005708                NMI_Handler
                0x08005708                CAN2_RX1_IRQHandler
                0x08005708                EXTI3_IRQHandler
                0x08005708                TIM8_TRG_COM_TIM14_IRQHandler
                0x08005708                TIM1_UP_TIM10_IRQHandler
                0x08005708                TIM8_UP_TIM13_IRQHandler
                0x08005708                I2C3_ER_IRQHandler
                0x08005708                EXTI0_IRQHandler
                0x08005708                I2C2_EV_IRQHandler
                0x08005708                DMA1_Stream2_IRQHandler
                0x08005708                CAN1_RX0_IRQHandler
                0x08005708                FPU_IRQHandler
                0x08005708                OTG_HS_WKUP_IRQHandler
                0x08005708                UsageFault_Handler
                0x08005708                CAN2_SCE_IRQHandler
                0x08005708                DMA2_Stream2_IRQHandler
                0x08005708                SPI1_IRQHandler
                0x08005708                TIM6_DAC_IRQHandler
                0x08005708                TIM1_BRK_TIM9_IRQHandler
                0x08005708                DCMI_IRQHandler
                0x08005708                CAN2_RX0_IRQHandler
                0x08005708                DMA2_Stream3_IRQHandler
                0x08005708                USART6_IRQHandler
                0x08005708                USART3_IRQHandler
                0x08005708                CRYP_IRQHandler
                0x08005708                CAN1_RX1_IRQHandler
                0x08005708                UART5_IRQHandler
                0x08005708                DMA2_Stream0_IRQHandler
                0x08005708                TIM4_IRQHandler
                0x08005708                I2C1_EV_IRQHandler
                0x08005708                DMA1_Stream6_IRQHandler
                0x08005708                DMA1_Stream1_IRQHandler
                0x08005708                UART4_IRQHandler
                0x08005708                TIM3_IRQHandler
                0x08005708                RCC_IRQHandler
                0x08005708                TIM8_BRK_TIM12_IRQHandler
                0x08005708                Default_Handler
                0x08005708                EXTI15_10_IRQHandler
                0x08005708                ADC_IRQHandler
                0x08005708                DMA1_Stream7_IRQHandler
                0x08005708                TIM7_IRQHandler
                0x08005708                CAN2_TX_IRQHandler
                0x08005708                TIM5_IRQHandler
                0x08005708                DMA2_Stream7_IRQHandler
                0x08005708                I2C3_EV_IRQHandler
                0x08005708                EXTI9_5_IRQHandler
                0x08005708                RTC_WKUP_IRQHandler
                0x08005708                ETH_WKUP_IRQHandler
                0x08005708                SPI2_IRQHandler
                0x08005708                OTG_HS_EP1_IN_IRQHandler
                0x08005708                MemManage_Handler
                0x08005708                DMA1_Stream0_IRQHandler
                0x08005708                CAN1_TX_IRQHandler
                0x08005708                EXTI4_IRQHandler
                0x08005708                FSMC_IRQHandler
                0x08005708                ETH_IRQHandler
                0x08005708                OTG_HS_EP1_OUT_IRQHandler
                0x08005708                WWDG_IRQHandler
                0x08005708                TIM2_IRQHandler
                0x08005708                OTG_FS_WKUP_IRQHandler
                0x08005708                TIM1_TRG_COM_TIM11_IRQHandler
                0x08005708                OTG_HS_IRQHandler
                0x08005708                EXTI1_IRQHandler
                0x08005708                USART2_IRQHandler
                0x08005708                I2C2_ER_IRQHandler
                0x08005708                DMA2_Stream1_IRQHandler
                0x08005708                CAN1_SCE_IRQHandler
                0x08005708                DMA2_Stream4_IRQHandler
                0x08005708                BusFault_Handler
                0x08005708                OTG_FS_IRQHandler
                0x08005708                SPI3_IRQHandler
                0x08005708                DMA1_Stream4_IRQHandler
                0x08005708                I2C1_ER_IRQHandler
                0x08005708                DMA2_Stream6_IRQHandler
                0x08005708                DMA1_Stream3_IRQHandler
 *fill*         0x0800570a        0x2 
 .text.std      0x0800570c       0x6c C:/ST/STM32CubeCLT_1.19.0/GNU-tools-for-STM32/bin/../lib/gcc/arm-none-eabi/13.3.1/../../../../arm-none-eabi/lib/thumb/v7e-m+fp/hard\libc.a(libc_a-findfp.o)
 .text.stdio_exit_handler
                0x08005778       0x18 C:/ST/STM32CubeCLT_1.19.0/GNU-tools-for-STM32/bin/../lib/gcc/arm-none-eabi/13.3.1/../../../../arm-none-eabi/lib/thumb/v7e-m+fp/hard\libc.a(libc_a-findfp.o)
 .text.cleanup_stdio
                0x08005790       0x40 C:/ST/STM32CubeCLT_1.19.0/GNU-tools-for-STM32/bin/../lib/gcc/arm-none-eabi/13.3.1/../../../../arm-none-eabi/lib/thumb/v7e-m+fp/hard\libc.a(libc_a-findfp.o)
 .text.global_stdio_init.part.0
                0x080057d0       0x3c C:/ST/STM32CubeCLT_1.19.0/GNU-tools-for-STM32/bin/../lib/gcc/arm-none-eabi/13.3.1/../../../../arm-none-eabi/lib/thumb/v7e-m+fp/hard\libc.a(libc_a-findfp.o)
 .text.__sfp_lock_acquire
                0x0800580c        0xc C:/ST/STM32CubeCLT_1.19.0/GNU-tools-for-STM32/bin/../lib/gcc/arm-none-eabi/13.3.1/../../../../arm-none-eabi/lib/thumb/v7e-m+fp/hard\libc.a(libc_a-findfp.o)
                0x0800580c                __sfp_lock_acquire
 .text.__sfp_lock_release
                0x08005818        0xc C:/ST/STM32CubeCLT_1.19.0/GNU-tools-for-STM32/bin/../lib/gcc/arm-none-eabi/13.3.1/../../../../arm-none-eabi/lib/thumb/v7e-m+fp/hard\libc.a(libc_a-findfp.o)
                0x08005818                __sfp_lock_release
 .text.__sinit  0x08005824       0x30 C:/ST/STM32CubeCLT_1.19.0/GNU-tools-for-STM32/bin/../lib/gcc/arm-none-eabi/13.3.1/../../../../arm-none-eabi/lib/thumb/v7e-m+fp/hard\libc.a(libc_a-findfp.o)
                0x08005824                __sinit
 .text._fwalk_sglue
                0x08005854       0x3c C:/ST/STM32CubeCLT_1.19.0/GNU-tools-for-STM32/bin/../lib/gcc/arm-none-eabi/13.3.1/../../../../arm-none-eabi/lib/thumb/v7e-m+fp/hard\libc.a(libc_a-fwalk.o)
                0x08005854                _fwalk_sglue
 .text.__sread  0x08005890       0x22 C:/ST/STM32CubeCLT_1.19.0/GNU-tools-for-STM32/bin/../lib/gcc/arm-none-eabi/13.3.1/../../../../arm-none-eabi/lib/thumb/v7e-m+fp/hard\libc.a(libc_a-stdio.o)
                0x08005890                __sread
 .text.__swrite
                0x080058b2       0x38 C:/ST/STM32CubeCLT_1.19.0/GNU-tools-for-STM32/bin/../lib/gcc/arm-none-eabi/13.3.1/../../../../arm-none-eabi/lib/thumb/v7e-m+fp/hard\libc.a(libc_a-stdio.o)
                0x080058b2                __swrite
 .text.__sseek  0x080058ea       0x24 C:/ST/STM32CubeCLT_1.19.0/GNU-tools-for-STM32/bin/../lib/gcc/arm-none-eabi/13.3.1/../../../../arm-none-eabi/lib/thumb/v7e-m+fp/hard\libc.a(libc_a-stdio.o)
                0x080058ea                __sseek
 .text.__sclose
                0x0800590e        0x8 C:/ST/STM32CubeCLT_1.19.0/GNU-tools-for-STM32/bin/../lib/gcc/arm-none-eabi/13.3.1/../../../../arm-none-eabi/lib/thumb/v7e-m+fp/hard\libc.a(libc_a-stdio.o)
                0x0800590e                __sclose
 .text._vsnprintf_r
                0x08005916       0x5c C:/ST/STM32CubeCLT_1.19.0/GNU-tools-for-STM32/bin/../lib/gcc/arm-none-eabi/13.3.1/../../../../arm-none-eabi/lib/thumb/v7e-m+fp/hard\libc.a(libc_a-vsnprintf.o)
                0x08005916                _vsnprintf_r
 *fill*         0x08005972        0x2 
 .text.vsnprintf
                0x08005974       0x1c C:/ST/STM32CubeCLT_1.19.0/GNU-tools-for-STM32/bin/../lib/gcc/arm-none-eabi/13.3.1/../../../../arm-none-eabi/lib/thumb/v7e-m+fp/hard\libc.a(libc_a-vsnprintf.o)
                0x08005974                vsnprintf
 .text.memset   0x08005990       0x10 C:/ST/STM32CubeCLT_1.19.0/GNU-tools-for-STM32/bin/../lib/gcc/arm-none-eabi/13.3.1/../../../../arm-none-eabi/lib/thumb/v7e-m+fp/hard\libc.a(libc_a-memset.o)
                0x08005990                memset
 .text.strstr   0x080059a0       0x2c C:/ST/STM32CubeCLT_1.19.0/GNU-tools-for-STM32/bin/../lib/gcc/arm-none-eabi/13.3.1/../../../../arm-none-eabi/lib/thumb/v7e-m+fp/hard\libc.a(libc_a-strstr.o)
                0x080059a0                strstr
 .text._close_r
                0x080059cc       0x20 C:/ST/STM32CubeCLT_1.19.0/GNU-tools-for-STM32/bin/../lib/gcc/arm-none-eabi/13.3.1/../../../../arm-none-eabi/lib/thumb/v7e-m+fp/hard\libc.a(libc_a-closer.o)
                0x080059cc                _close_r
 .text._lseek_r
                0x080059ec       0x24 C:/ST/STM32CubeCLT_1.19.0/GNU-tools-for-STM32/bin/../lib/gcc/arm-none-eabi/13.3.1/../../../../arm-none-eabi/lib/thumb/v7e-m+fp/hard\libc.a(libc_a-lseekr.o)
                0x080059ec                _lseek_r
 .text._read_r  0x08005a10       0x24 C:/ST/STM32CubeCLT_1.19.0/GNU-tools-for-STM32/bin/../lib/gcc/arm-none-eabi/13.3.1/../../../../arm-none-eabi/lib/thumb/v7e-m+fp/hard\libc.a(libc_a-readr.o)
                0x08005a10                _read_r
 .text._write_r
                0x08005a34       0x24 C:/ST/STM32CubeCLT_1.19.0/GNU-tools-for-STM32/bin/../lib/gcc/arm-none-eabi/13.3.1/../../../../arm-none-eabi/lib/thumb/v7e-m+fp/hard\libc.a(libc_a-writer.o)
                0x08005a34                _write_r
 .text.__errno  0x08005a58        0xc C:/ST/STM32CubeCLT_1.19.0/GNU-tools-for-STM32/bin/../lib/gcc/arm-none-eabi/13.3.1/../../../../arm-none-eabi/lib/thumb/v7e-m+fp/hard\libc.a(libc_a-errno.o)
                0x08005a58                __errno
 .text.__libc_init_array
                0x08005a64       0x48 C:/ST/STM32CubeCLT_1.19.0/GNU-tools-for-STM32/bin/../lib/gcc/arm-none-eabi/13.3.1/../../../../arm-none-eabi/lib/thumb/v7e-m+fp/hard\libc.a(libc_a-init.o)
                0x08005a64                __libc_init_array
 .text.__retarget_lock_init_recursive
                0x08005aac        0x2 C:/ST/STM32CubeCLT_1.19.0/GNU-tools-for-STM32/bin/../lib/gcc/arm-none-eabi/13.3.1/../../../../arm-none-eabi/lib/thumb/v7e-m+fp/hard\libc.a(libc_a-lock.o)
                0x08005aac                __retarget_lock_init_recursive
 .text.__retarget_lock_close_recursive
                0x08005aae        0x2 C:/ST/STM32CubeCLT_1.19.0/GNU-tools-for-STM32/bin/../lib/gcc/arm-none-eabi/13.3.1/../../../../arm-none-eabi/lib/thumb/v7e-m+fp/hard\libc.a(libc_a-lock.o)
                0x08005aae                __retarget_lock_close_recursive
 .text.__retarget_lock_acquire_recursive
                0x08005ab0        0x2 C:/ST/STM32CubeCLT_1.19.0/GNU-tools-for-STM32/bin/../lib/gcc/arm-none-eabi/13.3.1/../../../../arm-none-eabi/lib/thumb/v7e-m+fp/hard\libc.a(libc_a-lock.o)
                0x08005ab0                __retarget_lock_acquire_recursive
 .text.__retarget_lock_release_recursive
                0x08005ab2        0x2 C:/ST/STM32CubeCLT_1.19.0/GNU-tools-for-STM32/bin/../lib/gcc/arm-none-eabi/13.3.1/../../../../arm-none-eabi/lib/thumb/v7e-m+fp/hard\libc.a(libc_a-lock.o)
                0x08005ab2                __retarget_lock_release_recursive
 .text.memcpy   0x08005ab4       0x1c C:/ST/STM32CubeCLT_1.19.0/GNU-tools-for-STM32/bin/../lib/gcc/arm-none-eabi/13.3.1/../../../../arm-none-eabi/lib/thumb/v7e-m+fp/hard\libc.a(libc_a-memcpy-stub.o)
                0x08005ab4                memcpy
 .text.startup.register_fini
                0x08005ad0       0x14 C:/ST/STM32CubeCLT_1.19.0/GNU-tools-for-STM32/bin/../lib/gcc/arm-none-eabi/13.3.1/../../../../arm-none-eabi/lib/thumb/v7e-m+fp/hard\libc.a(libc_a-__call_atexit.o)
 .text.atexit   0x08005ae4        0xc C:/ST/STM32CubeCLT_1.19.0/GNU-tools-for-STM32/bin/../lib/gcc/arm-none-eabi/13.3.1/../../../../arm-none-eabi/lib/thumb/v7e-m+fp/hard\libc.a(libc_a-atexit.o)
                0x08005ae4                atexit
 .text._malloc_trim_r
                0x08005af0       0xac C:/ST/STM32CubeCLT_1.19.0/GNU-tools-for-STM32/bin/../lib/gcc/arm-none-eabi/13.3.1/../../../../arm-none-eabi/lib/thumb/v7e-m+fp/hard\libc.a(libc_a-freer.o)
                0x08005af0                _malloc_trim_r
 .text._free_r  0x08005b9c      0x180 C:/ST/STM32CubeCLT_1.19.0/GNU-tools-for-STM32/bin/../lib/gcc/arm-none-eabi/13.3.1/../../../../arm-none-eabi/lib/thumb/v7e-m+fp/hard\libc.a(libc_a-freer.o)
                0x08005b9c                _free_r
 .text._malloc_r
                0x08005d1c      0x474 C:/ST/STM32CubeCLT_1.19.0/GNU-tools-for-STM32/bin/../lib/gcc/arm-none-eabi/13.3.1/../../../../arm-none-eabi/lib/thumb/v7e-m+fp/hard\libc.a(libc_a-mallocr.o)
                0x08005d1c                _malloc_r
 .text.__malloc_lock
                0x08006190        0xc C:/ST/STM32CubeCLT_1.19.0/GNU-tools-for-STM32/bin/../lib/gcc/arm-none-eabi/13.3.1/../../../../arm-none-eabi/lib/thumb/v7e-m+fp/hard\libc.a(libc_a-mlock.o)
                0x08006190                __malloc_lock
 .text.__malloc_unlock
                0x0800619c        0xc C:/ST/STM32CubeCLT_1.19.0/GNU-tools-for-STM32/bin/../lib/gcc/arm-none-eabi/13.3.1/../../../../arm-none-eabi/lib/thumb/v7e-m+fp/hard\libc.a(libc_a-mlock.o)
                0x0800619c                __malloc_unlock
 .text._svfprintf_r
                0x080061a8     0x13ac C:/ST/STM32CubeCLT_1.19.0/GNU-tools-for-STM32/bin/../lib/gcc/arm-none-eabi/13.3.1/../../../../arm-none-eabi/lib/thumb/v7e-m+fp/hard\libc.a(libc_a-svfprintf.o)
                0x080061a8                _svfprintf_r
 .text.__ssprint_r
                0x08007554       0x4e C:/ST/STM32CubeCLT_1.19.0/GNU-tools-for-STM32/bin/../lib/gcc/arm-none-eabi/13.3.1/../../../../arm-none-eabi/lib/thumb/v7e-m+fp/hard\libc.a(libc_a-ssprint_r.o)
                0x08007554                __ssprint_r
 .text._fclose_r
                0x080075a2       0xac C:/ST/STM32CubeCLT_1.19.0/GNU-tools-for-STM32/bin/../lib/gcc/arm-none-eabi/13.3.1/../../../../arm-none-eabi/lib/thumb/v7e-m+fp/hard\libc.a(libc_a-fclose.o)
                0x080075a2                _fclose_r
 *fill*         0x0800764e        0x2 
 .text.__sflush_r
                0x08007650      0x110 C:/ST/STM32CubeCLT_1.19.0/GNU-tools-for-STM32/bin/../lib/gcc/arm-none-eabi/13.3.1/../../../../arm-none-eabi/lib/thumb/v7e-m+fp/hard\libc.a(libc_a-fflush.o)
                0x08007650                __sflush_r
 .text._fflush_r
                0x08007760       0x4a C:/ST/STM32CubeCLT_1.19.0/GNU-tools-for-STM32/bin/../lib/gcc/arm-none-eabi/13.3.1/../../../../arm-none-eabi/lib/thumb/v7e-m+fp/hard\libc.a(libc_a-fflush.o)
                0x08007760                _fflush_r
 .text.strncpy  0x080077aa       0x26 C:/ST/STM32CubeCLT_1.19.0/GNU-tools-for-STM32/bin/../lib/gcc/arm-none-eabi/13.3.1/../../../../arm-none-eabi/lib/thumb/v7e-m+fp/hard\libc.a(libc_a-strncpy.o)
                0x080077aa                strncpy
 .text._localeconv_r
                0x080077d0        0x8 C:/ST/STM32CubeCLT_1.19.0/GNU-tools-for-STM32/bin/../lib/gcc/arm-none-eabi/13.3.1/../../../../arm-none-eabi/lib/thumb/v7e-m+fp/hard\libc.a(libc_a-localeconv.o)
                0x080077d0                _localeconv_r
 .text._sbrk_r  0x080077d8       0x20 C:/ST/STM32CubeCLT_1.19.0/GNU-tools-for-STM32/bin/../lib/gcc/arm-none-eabi/13.3.1/../../../../arm-none-eabi/lib/thumb/v7e-m+fp/hard\libc.a(libc_a-sbrkr.o)
                0x080077d8                _sbrk_r
 .text.__libc_fini_array
                0x080077f8       0x28 C:/ST/STM32CubeCLT_1.19.0/GNU-tools-for-STM32/bin/../lib/gcc/arm-none-eabi/13.3.1/../../../../arm-none-eabi/lib/thumb/v7e-m+fp/hard\libc.a(libc_a-fini.o)
                0x080077f8                __libc_fini_array
 .text.sysconf  0x08007820       0x18 C:/ST/STM32CubeCLT_1.19.0/GNU-tools-for-STM32/bin/../lib/gcc/arm-none-eabi/13.3.1/../../../../arm-none-eabi/lib/thumb/v7e-m+fp/hard\libc.a(libc_a-sysconf.o)
                0x08007820                sysconf
 .text.frexp    0x08007838       0x68 C:/ST/STM32CubeCLT_1.19.0/GNU-tools-for-STM32/bin/../lib/gcc/arm-none-eabi/13.3.1/../../../../arm-none-eabi/lib/thumb/v7e-m+fp/hard\libc.a(libm_a-s_frexp.o)
                0x08007838                frexp
 .text.__register_exitproc
                0x080078a0       0x80 C:/ST/STM32CubeCLT_1.19.0/GNU-tools-for-STM32/bin/../lib/gcc/arm-none-eabi/13.3.1/../../../../arm-none-eabi/lib/thumb/v7e-m+fp/hard\libc.a(libc_a-__atexit.o)
                0x080078a0                __register_exitproc
 .text.quorem   0x08007920      0x110 C:/ST/STM32CubeCLT_1.19.0/GNU-tools-for-STM32/bin/../lib/gcc/arm-none-eabi/13.3.1/../../../../arm-none-eabi/lib/thumb/v7e-m+fp/hard\libc.a(libc_a-dtoa.o)
 .text._dtoa_r  0x08007a30      0xb6c C:/ST/STM32CubeCLT_1.19.0/GNU-tools-for-STM32/bin/../lib/gcc/arm-none-eabi/13.3.1/../../../../arm-none-eabi/lib/thumb/v7e-m+fp/hard\libc.a(libc_a-dtoa.o)
                0x08007a30                _dtoa_r
 .text._Balloc  0x0800859c       0x4a C:/ST/STM32CubeCLT_1.19.0/GNU-tools-for-STM32/bin/../lib/gcc/arm-none-eabi/13.3.1/../../../../arm-none-eabi/lib/thumb/v7e-m+fp/hard\libc.a(libc_a-mprec.o)
                0x0800859c                _Balloc
 .text._Bfree   0x080085e6       0x12 C:/ST/STM32CubeCLT_1.19.0/GNU-tools-for-STM32/bin/../lib/gcc/arm-none-eabi/13.3.1/../../../../arm-none-eabi/lib/thumb/v7e-m+fp/hard\libc.a(libc_a-mprec.o)
                0x080085e6                _Bfree
 .text.__multadd
                0x080085f8       0x8c C:/ST/STM32CubeCLT_1.19.0/GNU-tools-for-STM32/bin/../lib/gcc/arm-none-eabi/13.3.1/../../../../arm-none-eabi/lib/thumb/v7e-m+fp/hard\libc.a(libc_a-mprec.o)
                0x080085f8                __multadd
 .text.__hi0bits
                0x08008684       0x3e C:/ST/STM32CubeCLT_1.19.0/GNU-tools-for-STM32/bin/../lib/gcc/arm-none-eabi/13.3.1/../../../../arm-none-eabi/lib/thumb/v7e-m+fp/hard\libc.a(libc_a-mprec.o)
                0x08008684                __hi0bits
 .text.__lo0bits
                0x080086c2       0x5a C:/ST/STM32CubeCLT_1.19.0/GNU-tools-for-STM32/bin/../lib/gcc/arm-none-eabi/13.3.1/../../../../arm-none-eabi/lib/thumb/v7e-m+fp/hard\libc.a(libc_a-mprec.o)
                0x080086c2                __lo0bits
 .text.__i2b    0x0800871c       0x2c C:/ST/STM32CubeCLT_1.19.0/GNU-tools-for-STM32/bin/../lib/gcc/arm-none-eabi/13.3.1/../../../../arm-none-eabi/lib/thumb/v7e-m+fp/hard\libc.a(libc_a-mprec.o)
                0x0800871c                __i2b
 .text.__multiply
                0x08008748      0x144 C:/ST/STM32CubeCLT_1.19.0/GNU-tools-for-STM32/bin/../lib/gcc/arm-none-eabi/13.3.1/../../../../arm-none-eabi/lib/thumb/v7e-m+fp/hard\libc.a(libc_a-mprec.o)
                0x08008748                __multiply
 .text.__pow5mult
                0x0800888c       0x80 C:/ST/STM32CubeCLT_1.19.0/GNU-tools-for-STM32/bin/../lib/gcc/arm-none-eabi/13.3.1/../../../../arm-none-eabi/lib/thumb/v7e-m+fp/hard\libc.a(libc_a-mprec.o)
                0x0800888c                __pow5mult
 .text.__lshift
                0x0800890c       0xd8 C:/ST/STM32CubeCLT_1.19.0/GNU-tools-for-STM32/bin/../lib/gcc/arm-none-eabi/13.3.1/../../../../arm-none-eabi/lib/thumb/v7e-m+fp/hard\libc.a(libc_a-mprec.o)
                0x0800890c                __lshift
 .text.__mcmp   0x080089e4       0x36 C:/ST/STM32CubeCLT_1.19.0/GNU-tools-for-STM32/bin/../lib/gcc/arm-none-eabi/13.3.1/../../../../arm-none-eabi/lib/thumb/v7e-m+fp/hard\libc.a(libc_a-mprec.o)
                0x080089e4                __mcmp
 *fill*         0x08008a1a        0x2 
 .text.__mdiff  0x08008a1c      0x128 C:/ST/STM32CubeCLT_1.19.0/GNU-tools-for-STM32/bin/../lib/gcc/arm-none-eabi/13.3.1/../../../../arm-none-eabi/lib/thumb/v7e-m+fp/hard\libc.a(libc_a-mprec.o)
                0x08008a1c                __mdiff
 .text.__d2b    0x08008b44       0xb0 C:/ST/STM32CubeCLT_1.19.0/GNU-tools-for-STM32/bin/../lib/gcc/arm-none-eabi/13.3.1/../../../../arm-none-eabi/lib/thumb/v7e-m+fp/hard\libc.a(libc_a-mprec.o)
                0x08008b44                __d2b
 .text.__ssputs_r
                0x08008bf4       0xb6 C:/ST/STM32CubeCLT_1.19.0/GNU-tools-for-STM32/bin/../lib/gcc/arm-none-eabi/13.3.1/../../../../arm-none-eabi/lib/thumb/v7e-m+fp/hard\libc.a(libc_a-ssputs_r.o)
                0x08008bf4                __ssputs_r
 .text.memmove  0x08008caa       0x34 C:/ST/STM32CubeCLT_1.19.0/GNU-tools-for-STM32/bin/../lib/gcc/arm-none-eabi/13.3.1/../../../../arm-none-eabi/lib/thumb/v7e-m+fp/hard\libc.a(libc_a-memmove.o)
                0x08008caa                memmove
 *fill*         0x08008cde        0x2 
 .text.__assert_func
                0x08008ce0       0x3c C:/ST/STM32CubeCLT_1.19.0/GNU-tools-for-STM32/bin/../lib/gcc/arm-none-eabi/13.3.1/../../../../arm-none-eabi/lib/thumb/v7e-m+fp/hard\libc.a(libc_a-assert.o)
                0x08008ce0                __assert_func
 .text._calloc_r
                0x08008d1c       0x6a C:/ST/STM32CubeCLT_1.19.0/GNU-tools-for-STM32/bin/../lib/gcc/arm-none-eabi/13.3.1/../../../../arm-none-eabi/lib/thumb/v7e-m+fp/hard\libc.a(libc_a-callocr.o)
                0x08008d1c                _calloc_r
 .text.__ascii_mbtowc
                0x08008d86       0x24 C:/ST/STM32CubeCLT_1.19.0/GNU-tools-for-STM32/bin/../lib/gcc/arm-none-eabi/13.3.1/../../../../arm-none-eabi/lib/thumb/v7e-m+fp/hard\libc.a(libc_a-mbtowc_r.o)
                0x08008d86                __ascii_mbtowc
 *fill*         0x08008daa        0x2 
 .text._realloc_r
                0x08008dac      0x350 C:/ST/STM32CubeCLT_1.19.0/GNU-tools-for-STM32/bin/../lib/gcc/arm-none-eabi/13.3.1/../../../../arm-none-eabi/lib/thumb/v7e-m+fp/hard\libc.a(libc_a-reallocr.o)
                0x08008dac                _realloc_r
 .text.__ascii_wctomb
                0x080090fc       0x1a C:/ST/STM32CubeCLT_1.19.0/GNU-tools-for-STM32/bin/../lib/gcc/arm-none-eabi/13.3.1/../../../../arm-none-eabi/lib/thumb/v7e-m+fp/hard\libc.a(libc_a-wctomb_r.o)
                0x080090fc                __ascii_wctomb
 *fill*         0x08009116        0x2 
 .text.fiprintf
                0x08009118       0x24 C:/ST/STM32CubeCLT_1.19.0/GNU-tools-for-STM32/bin/../lib/gcc/arm-none-eabi/13.3.1/../../../../arm-none-eabi/lib/thumb/v7e-m+fp/hard\libc.a(libc_a-fiprintf.o)
                0x08009118                fiprintf
 .text._vfiprintf_r
                0x0800913c      0x910 C:/ST/STM32CubeCLT_1.19.0/GNU-tools-for-STM32/bin/../lib/gcc/arm-none-eabi/13.3.1/../../../../arm-none-eabi/lib/thumb/v7e-m+fp/hard\libc.a(libc_a-vfiprintf.o)
                0x0800913c                _vfiprintf_r
 .text.__sbprintf
                0x08009a4c       0x80 C:/ST/STM32CubeCLT_1.19.0/GNU-tools-for-STM32/bin/../lib/gcc/arm-none-eabi/13.3.1/../../../../arm-none-eabi/lib/thumb/v7e-m+fp/hard\libc.a(libc_a-vfiprintf.o)
 .text.__sprint_r
                0x08009acc       0x1a C:/ST/STM32CubeCLT_1.19.0/GNU-tools-for-STM32/bin/../lib/gcc/arm-none-eabi/13.3.1/../../../../arm-none-eabi/lib/thumb/v7e-m+fp/hard\libc.a(libc_a-sprint_r.o)
                0x08009acc                __sprint_r
 *fill*         0x08009ae6        0x2 
 .text.__sfvwrite_r
                0x08009ae8      0x298 C:/ST/STM32CubeCLT_1.19.0/GNU-tools-for-STM32/bin/../lib/gcc/arm-none-eabi/13.3.1/../../../../arm-none-eabi/lib/thumb/v7e-m+fp/hard\libc.a(libc_a-fvwrite.o)
                0x08009ae8                __sfvwrite_r
 .text.__swsetup_r
                0x08009d80       0xac C:/ST/STM32CubeCLT_1.19.0/GNU-tools-for-STM32/bin/../lib/gcc/arm-none-eabi/13.3.1/../../../../arm-none-eabi/lib/thumb/v7e-m+fp/hard\libc.a(libc_a-wsetup.o)
                0x08009d80                __swsetup_r
 .text.abort    0x08009e2c        0xe C:/ST/STM32CubeCLT_1.19.0/GNU-tools-for-STM32/bin/../lib/gcc/arm-none-eabi/13.3.1/../../../../arm-none-eabi/lib/thumb/v7e-m+fp/hard\libc.a(libc_a-abort.o)
                0x08009e2c                abort
 .text.__swhatbuf_r
                0x08009e3a       0x50 C:/ST/STM32CubeCLT_1.19.0/GNU-tools-for-STM32/bin/../lib/gcc/arm-none-eabi/13.3.1/../../../../arm-none-eabi/lib/thumb/v7e-m+fp/hard\libc.a(libc_a-makebuf.o)
                0x08009e3a                __swhatbuf_r
 .text.__smakebuf_r
                0x08009e8a       0x78 C:/ST/STM32CubeCLT_1.19.0/GNU-tools-for-STM32/bin/../lib/gcc/arm-none-eabi/13.3.1/../../../../arm-none-eabi/lib/thumb/v7e-m+fp/hard\libc.a(libc_a-makebuf.o)
                0x08009e8a                __smakebuf_r
 .text._raise_r
                0x08009f02       0x52 C:/ST/STM32CubeCLT_1.19.0/GNU-tools-for-STM32/bin/../lib/gcc/arm-none-eabi/13.3.1/../../../../arm-none-eabi/lib/thumb/v7e-m+fp/hard\libc.a(libc_a-signal.o)
                0x08009f02                _raise_r
 .text.raise    0x08009f54       0x10 C:/ST/STM32CubeCLT_1.19.0/GNU-tools-for-STM32/bin/../lib/gcc/arm-none-eabi/13.3.1/../../../../arm-none-eabi/lib/thumb/v7e-m+fp/hard\libc.a(libc_a-signal.o)
                0x08009f54                raise
 .text._fstat_r
                0x08009f64       0x24 C:/ST/STM32CubeCLT_1.19.0/GNU-tools-for-STM32/bin/../lib/gcc/arm-none-eabi/13.3.1/../../../../arm-none-eabi/lib/thumb/v7e-m+fp/hard\libc.a(libc_a-fstatr.o)
                0x08009f64                _fstat_r
 .text._isatty_r
                0x08009f88       0x20 C:/ST/STM32CubeCLT_1.19.0/GNU-tools-for-STM32/bin/../lib/gcc/arm-none-eabi/13.3.1/../../../../arm-none-eabi/lib/thumb/v7e-m+fp/hard\libc.a(libc_a-isattyr.o)
                0x08009f88                _isatty_r
 .text._kill_r  0x08009fa8       0x24 C:/ST/STM32CubeCLT_1.19.0/GNU-tools-for-STM32/bin/../lib/gcc/arm-none-eabi/13.3.1/../../../../arm-none-eabi/lib/thumb/v7e-m+fp/hard\libc.a(libc_a-signalr.o)
                0x08009fa8                _kill_r
 .text._getpid_r
                0x08009fcc        0x4 C:/ST/STM32CubeCLT_1.19.0/GNU-tools-for-STM32/bin/../lib/gcc/arm-none-eabi/13.3.1/../../../../arm-none-eabi/lib/thumb/v7e-m+fp/hard\libc.a(libc_a-signalr.o)
                0x08009fcc                _getpid_r
 *(.glue_7)
 .glue_7        0x08009fd0        0x0 linker stubs
 *(.glue_7t)
 .glue_7t       0x08009fd0        0x0 linker stubs
 *(.eh_frame)
 .eh_frame      0x08009fd0        0x0 C:/ST/STM32CubeCLT_1.19.0/GNU-tools-for-STM32/bin/../lib/gcc/arm-none-eabi/13.3.1/thumb/v7e-m+fp/hard/crtbegin.o
 *(.init)
 .init          0x08009fd0        0x4 C:/ST/STM32CubeCLT_1.19.0/GNU-tools-for-STM32/bin/../lib/gcc/arm-none-eabi/13.3.1/thumb/v7e-m+fp/hard/crti.o
                0x08009fd0                _init
 .init          0x08009fd4        0x8 C:/ST/STM32CubeCLT_1.19.0/GNU-tools-for-STM32/bin/../lib/gcc/arm-none-eabi/13.3.1/thumb/v7e-m+fp/hard/crtn.o
 *(.fini)
 .fini          0x08009fdc        0x4 C:/ST/STM32CubeCLT_1.19.0/GNU-tools-for-STM32/bin/../lib/gcc/arm-none-eabi/13.3.1/thumb/v7e-m+fp/hard/crti.o
                0x08009fdc                _fini
 .fini          0x08009fe0        0x8 C:/ST/STM32CubeCLT_1.19.0/GNU-tools-for-STM32/bin/../lib/gcc/arm-none-eabi/13.3.1/thumb/v7e-m+fp/hard/crtn.o
                0x08009fe8                        . = ALIGN (0x4)
                0x08009fe8                        _etext = .

.vfp11_veneer   0x08009fe8        0x0
 .vfp11_veneer  0x08009fe8        0x0 linker stubs

.v4_bx          0x08009fe8        0x0
 .v4_bx         0x08009fe8        0x0 linker stubs

.iplt           0x08009fe8        0x0
 .iplt          0x08009fe8        0x0 C:/ST/STM32CubeCLT_1.19.0/GNU-tools-for-STM32/bin/../lib/gcc/arm-none-eabi/13.3.1/thumb/v7e-m+fp/hard/crtbegin.o

.rodata         0x08009fe8      0x4ac
                0x08009fe8                        . = ALIGN (0x4)
 *(.rodata)
 .rodata        0x08009fe8       0xdf build/Src/test_timer.o
 *fill*         0x0800a0c7        0x1 
 .rodata        0x0800a0c8       0x18 build/driver/scr/uart.o
 .rodata        0x0800a0e0       0x12 build/driver/Mylib/Src/dht11.o
 *fill*         0x0800a0f2        0x2 
 .rodata        0x0800a0f4        0x5 build/FreeRTOS-LTS/FreeRTOS/FreeRTOS-Kernel/tasks.o
 *fill*         0x0800a0f9        0x3 
 .rodata        0x0800a0fc        0x8 build/FreeRTOS-LTS/FreeRTOS/FreeRTOS-Kernel/timers.o
 *(.rodata*)
 .rodata.uxTopUsedPriority
                0x0800a104        0x4 build/FreeRTOS-LTS/FreeRTOS/FreeRTOS-Kernel/tasks.o
 .rodata._svfprintf_r.str1.1
                0x0800a108      0x149 C:/ST/STM32CubeCLT_1.19.0/GNU-tools-for-STM32/bin/../lib/gcc/arm-none-eabi/13.3.1/../../../../arm-none-eabi/lib/thumb/v7e-m+fp/hard\libc.a(libc_a-svfprintf.o)
                                 0x34 (size before relaxing)
 .rodata.zeroes.0
                0x0800a251       0x10 C:/ST/STM32CubeCLT_1.19.0/GNU-tools-for-STM32/bin/../lib/gcc/arm-none-eabi/13.3.1/../../../../arm-none-eabi/lib/thumb/v7e-m+fp/hard\libc.a(libc_a-svfprintf.o)
 .rodata.blanks.1
                0x0800a261       0x10 C:/ST/STM32CubeCLT_1.19.0/GNU-tools-for-STM32/bin/../lib/gcc/arm-none-eabi/13.3.1/../../../../arm-none-eabi/lib/thumb/v7e-m+fp/hard\libc.a(libc_a-svfprintf.o)
 .rodata._dtoa_r.str1.1
                0x0800a271       0x78 C:/ST/STM32CubeCLT_1.19.0/GNU-tools-for-STM32/bin/../lib/gcc/arm-none-eabi/13.3.1/../../../../arm-none-eabi/lib/thumb/v7e-m+fp/hard\libc.a(libc_a-dtoa.o)
 .rodata.__multadd.str1.1
                0x0800a271       0x6a C:/ST/STM32CubeCLT_1.19.0/GNU-tools-for-STM32/bin/../lib/gcc/arm-none-eabi/13.3.1/../../../../arm-none-eabi/lib/thumb/v7e-m+fp/hard\libc.a(libc_a-mprec.o)
 *fill*         0x0800a271        0x3 
 .rodata.p05.0  0x0800a274        0xc C:/ST/STM32CubeCLT_1.19.0/GNU-tools-for-STM32/bin/../lib/gcc/arm-none-eabi/13.3.1/../../../../arm-none-eabi/lib/thumb/v7e-m+fp/hard\libc.a(libc_a-mprec.o)
 .rodata.__mprec_bigtens
                0x0800a280       0x28 C:/ST/STM32CubeCLT_1.19.0/GNU-tools-for-STM32/bin/../lib/gcc/arm-none-eabi/13.3.1/../../../../arm-none-eabi/lib/thumb/v7e-m+fp/hard\libc.a(libc_a-mprec.o)
                0x0800a280                __mprec_bigtens
 .rodata.__mprec_tens
                0x0800a2a8       0xc8 C:/ST/STM32CubeCLT_1.19.0/GNU-tools-for-STM32/bin/../lib/gcc/arm-none-eabi/13.3.1/../../../../arm-none-eabi/lib/thumb/v7e-m+fp/hard\libc.a(libc_a-mprec.o)
                0x0800a2a8                __mprec_tens
 .rodata._setlocale_r.str1.1
                0x0800a370        0x9 C:/ST/STM32CubeCLT_1.19.0/GNU-tools-for-STM32/bin/../lib/gcc/arm-none-eabi/13.3.1/../../../../arm-none-eabi/lib/thumb/v7e-m+fp/hard\libc.a(libc_a-locale.o)
 .rodata.str1.1
                0x0800a370        0x2 C:/ST/STM32CubeCLT_1.19.0/GNU-tools-for-STM32/bin/../lib/gcc/arm-none-eabi/13.3.1/../../../../arm-none-eabi/lib/thumb/v7e-m+fp/hard\libc.a(libc_a-locale.o)
 .rodata.__assert_func.str1.1
                0x0800a370       0x3d C:/ST/STM32CubeCLT_1.19.0/GNU-tools-for-STM32/bin/../lib/gcc/arm-none-eabi/13.3.1/../../../../arm-none-eabi/lib/thumb/v7e-m+fp/hard\libc.a(libc_a-assert.o)
 .rodata._ctype_
                0x0800a370      0x101 C:/ST/STM32CubeCLT_1.19.0/GNU-tools-for-STM32/bin/../lib/gcc/arm-none-eabi/13.3.1/../../../../arm-none-eabi/lib/thumb/v7e-m+fp/hard\libc.a(libc_a-ctype_.o)
                0x0800a370                _ctype_
 .rodata._vfiprintf_r.str1.1
                0x0800a471       0x22 C:/ST/STM32CubeCLT_1.19.0/GNU-tools-for-STM32/bin/../lib/gcc/arm-none-eabi/13.3.1/../../../../arm-none-eabi/lib/thumb/v7e-m+fp/hard\libc.a(libc_a-vfiprintf.o)
 .rodata.zeroes.0
                0x0800a471       0x10 C:/ST/STM32CubeCLT_1.19.0/GNU-tools-for-STM32/bin/../lib/gcc/arm-none-eabi/13.3.1/../../../../arm-none-eabi/lib/thumb/v7e-m+fp/hard\libc.a(libc_a-vfiprintf.o)
 .rodata.blanks.1
                0x0800a481       0x10 C:/ST/STM32CubeCLT_1.19.0/GNU-tools-for-STM32/bin/../lib/gcc/arm-none-eabi/13.3.1/../../../../arm-none-eabi/lib/thumb/v7e-m+fp/hard\libc.a(libc_a-vfiprintf.o)
                0x0800a494                        . = ALIGN (0x4)
 *fill*         0x0800a491        0x3 

.ARM.extab      0x0800a494        0x0
                0x0800a494                        . = ALIGN (0x4)
 *(.ARM.extab* .gnu.linkonce.armextab.*)
                0x0800a494                        . = ALIGN (0x4)

.ARM            0x0800a494        0x8
                0x0800a494                        . = ALIGN (0x4)
                0x0800a494                        __exidx_start = .
 *(.ARM.exidx*)
 .ARM.exidx     0x0800a494        0x8 C:/ST/STM32CubeCLT_1.19.0/GNU-tools-for-STM32/bin/../lib/gcc/arm-none-eabi/13.3.1/../../../../arm-none-eabi/lib/thumb/v7e-m+fp/hard\libc.a(libc_a-strlen.o)
 .ARM.exidx     0x0800a49c        0x0 C:/ST/STM32CubeCLT_1.19.0/GNU-tools-for-STM32/bin/../lib/gcc/arm-none-eabi/13.3.1/../../../../arm-none-eabi/lib/thumb/v7e-m+fp/hard\libc.a(libc_a-memchr.o)
                                  0x8 (size before relaxing)
 .ARM.exidx     0x0800a49c        0x0 C:/ST/STM32CubeCLT_1.19.0/GNU-tools-for-STM32/bin/../lib/gcc/arm-none-eabi/13.3.1/thumb/v7e-m+fp/hard\libgcc.a(_udivmoddi4.o)
                                  0x8 (size before relaxing)
                0x0800a49c                        __exidx_end = .
                0x0800a49c                        . = ALIGN (0x4)

.preinit_array  0x0800a49c        0x0
                0x0800a49c                        . = ALIGN (0x4)
                0x0800a49c                        PROVIDE (__preinit_array_start = .)
 *(.preinit_array*)
                0x0800a49c                        PROVIDE (__preinit_array_end = .)
                0x0800a49c                        . = ALIGN (0x4)

.init_array     0x0800a49c        0x8
                0x0800a49c                        . = ALIGN (0x4)
                0x0800a49c                        PROVIDE (__init_array_start = .)
 *(SORT_BY_NAME(.init_array.*))
 .init_array.00000
                0x0800a49c        0x4 C:/ST/STM32CubeCLT_1.19.0/GNU-tools-for-STM32/bin/../lib/gcc/arm-none-eabi/13.3.1/../../../../arm-none-eabi/lib/thumb/v7e-m+fp/hard\libc.a(libc_a-__call_atexit.o)
 *(.init_array*)
 .init_array    0x0800a4a0        0x4 C:/ST/STM32CubeCLT_1.19.0/GNU-tools-for-STM32/bin/../lib/gcc/arm-none-eabi/13.3.1/thumb/v7e-m+fp/hard/crtbegin.o
                0x0800a4a4                        PROVIDE (__init_array_end = .)
                0x0800a4a4                        . = ALIGN (0x4)

.fini_array     0x0800a4a4        0x4
                0x0800a4a4                        . = ALIGN (0x4)
                0x0800a4a4                        PROVIDE (__fini_array_start = .)
 *(SORT_BY_NAME(.fini_array.*))
 *(.fini_array*)
 .fini_array    0x0800a4a4        0x4 C:/ST/STM32CubeCLT_1.19.0/GNU-tools-for-STM32/bin/../lib/gcc/arm-none-eabi/13.3.1/thumb/v7e-m+fp/hard/crtbegin.o
                0x0800a4a8                        PROVIDE (__fini_array_end = .)
                0x0800a4a8                        . = ALIGN (0x4)
                0x0800a4a8                        _sidata = LOADADDR (.data)

.rel.dyn        0x0800a4a8        0x0
 .rel.iplt      0x0800a4a8        0x0 C:/ST/STM32CubeCLT_1.19.0/GNU-tools-for-STM32/bin/../lib/gcc/arm-none-eabi/13.3.1/thumb/v7e-m+fp/hard/crtbegin.o

.data           0x20000400      0x6d8 load address 0x0800a4a8
                0x20000400                        . = ALIGN (0x4)
                0x20000400                        _sdata = .
 *(.data)
 *(.data*)
 .data.uxCriticalNesting
                0x20000400        0x4 build/FreeRTOS-LTS/FreeRTOS/FreeRTOS-Kernel/portable/GCC/ARM_CM4F/port.o
 .data.__sglue  0x20000404        0xc C:/ST/STM32CubeCLT_1.19.0/GNU-tools-for-STM32/bin/../lib/gcc/arm-none-eabi/13.3.1/../../../../arm-none-eabi/lib/thumb/v7e-m+fp/hard\libc.a(libc_a-findfp.o)
                0x20000404                __sglue
 .data._impure_ptr
                0x20000410        0x4 C:/ST/STM32CubeCLT_1.19.0/GNU-tools-for-STM32/bin/../lib/gcc/arm-none-eabi/13.3.1/../../../../arm-none-eabi/lib/thumb/v7e-m+fp/hard\libc.a(libc_a-impure.o)
                0x20000410                _impure_ptr
 *fill*         0x20000414        0x4 
 .data._impure_data
                0x20000418      0x140 C:/ST/STM32CubeCLT_1.19.0/GNU-tools-for-STM32/bin/../lib/gcc/arm-none-eabi/13.3.1/../../../../arm-none-eabi/lib/thumb/v7e-m+fp/hard\libc.a(libc_a-impure.o)
                0x20000418                _impure_data
 .data.__atexit_recursive_mutex
                0x20000558        0x4 C:/ST/STM32CubeCLT_1.19.0/GNU-tools-for-STM32/bin/../lib/gcc/arm-none-eabi/13.3.1/../../../../arm-none-eabi/lib/thumb/v7e-m+fp/hard\libc.a(libc_a-__call_atexit.o)
                0x20000558                __atexit_recursive_mutex
 .data.__malloc_sbrk_base
                0x2000055c        0x4 C:/ST/STM32CubeCLT_1.19.0/GNU-tools-for-STM32/bin/../lib/gcc/arm-none-eabi/13.3.1/../../../../arm-none-eabi/lib/thumb/v7e-m+fp/hard\libc.a(libc_a-mallocr.o)
                0x2000055c                __malloc_sbrk_base
 .data.__malloc_trim_threshold
                0x20000560        0x4 C:/ST/STM32CubeCLT_1.19.0/GNU-tools-for-STM32/bin/../lib/gcc/arm-none-eabi/13.3.1/../../../../arm-none-eabi/lib/thumb/v7e-m+fp/hard\libc.a(libc_a-mallocr.o)
                0x20000560                __malloc_trim_threshold
 .data.__malloc_av_
                0x20000564      0x408 C:/ST/STM32CubeCLT_1.19.0/GNU-tools-for-STM32/bin/../lib/gcc/arm-none-eabi/13.3.1/../../../../arm-none-eabi/lib/thumb/v7e-m+fp/hard\libc.a(libc_a-mallocr.o)
                0x20000564                __malloc_av_
 .data.__global_locale
                0x2000096c      0x16c C:/ST/STM32CubeCLT_1.19.0/GNU-tools-for-STM32/bin/../lib/gcc/arm-none-eabi/13.3.1/../../../../arm-none-eabi/lib/thumb/v7e-m+fp/hard\libc.a(libc_a-locale.o)
                0x2000096c                __global_locale
 *(.RamFunc)
 *(.RamFunc*)
                0x20000ad8                        . = ALIGN (0x4)
                0x20000ad8                        _edata = .
                0x0800ab80                        _siccmram = LOADADDR (.ccmram)

.igot.plt       0x20000ad8        0x0 load address 0x0800ab80
 .igot.plt      0x20000ad8        0x0 C:/ST/STM32CubeCLT_1.19.0/GNU-tools-for-STM32/bin/../lib/gcc/arm-none-eabi/13.3.1/thumb/v7e-m+fp/hard/crtbegin.o

.ccmram         0x10000000        0x0 load address 0x0800ab80
                0x10000000                        . = ALIGN (0x4)
                0x10000000                        _sccmram = .
 *(.ccmram)
 *(.ccmram*)
                0x10000000                        . = ALIGN (0x4)
                0x10000000                        _eccmram = .
                0x10000000                        . = ALIGN (0x4)

.bss            0x20000ad8     0x8b34
                0x20000ad8                        _sbss = .
                0x20000ad8                        __bss_start__ = _sbss
 *(.bss)
 .bss           0x20000ad8       0x1c C:/ST/STM32CubeCLT_1.19.0/GNU-tools-for-STM32/bin/../lib/gcc/arm-none-eabi/13.3.1/thumb/v7e-m+fp/hard/crtbegin.o
 *(.bss*)
 .bss.__sbrk_heap_end
                0x20000af4        0x4 build/Src/sysmem.o
 .bss.temp_queue
                0x20000af8        0x4 build/Src/test_timer.o
                0x20000af8                temp_queue
 .bss.dht_1_queue
                0x20000afc        0x4 build/Src/test_timer.o
                0x20000afc                dht_1_queue
 .bss.dht_2_queue
                0x20000b00        0x4 build/Src/test_timer.o
                0x20000b00                dht_2_queue
 .bss.temp_event
                0x20000b04        0x4 build/Src/test_timer.o
                0x20000b04                temp_event
 .bss.uart_lock
                0x20000b08        0x4 build/Src/test_timer.o
                0x20000b08                uart_lock
 .bss.dht_1     0x20000b0c       0x14 build/Src/test_timer.o
                0x20000b0c                dht_1
 .bss.dht_2     0x20000b20       0x14 build/Src/test_timer.o
                0x20000b20                dht_2
 .bss.i1        0x20000b34        0x1 build/Src/test_timer.o
                0x20000b34                i1
 .bss.i2        0x20000b35        0x1 build/Src/test_timer.o
                0x20000b35                i2
 *fill*         0x20000b36        0x2 
 .bss.dht_data1
                0x20000b38       0x28 build/Src/test_timer.o
                0x20000b38                dht_data1
 .bss.dht_data2
                0x20000b60       0x28 build/Src/test_timer.o
                0x20000b60                dht_data2
 .bss.recv_data
                0x20000b88       0x14 build/driver/scr/uart.o
                0x20000b88                recv_data
 .bss.rx_index  0x20000b9c        0x4 build/driver/scr/uart.o
                0x20000b9c                rx_index
 .bss.pxCurrentTCB
                0x20000ba0        0x4 build/FreeRTOS-LTS/FreeRTOS/FreeRTOS-Kernel/tasks.o
                0x20000ba0                pxCurrentTCB
 .bss.pxReadyTasksLists
                0x20000ba4       0x8c build/FreeRTOS-LTS/FreeRTOS/FreeRTOS-Kernel/tasks.o
 .bss.xDelayedTaskList1
                0x20000c30       0x1c build/FreeRTOS-LTS/FreeRTOS/FreeRTOS-Kernel/tasks.o
 .bss.xDelayedTaskList2
                0x20000c4c       0x1c build/FreeRTOS-LTS/FreeRTOS/FreeRTOS-Kernel/tasks.o
 .bss.pxDelayedTaskList
                0x20000c68        0x4 build/FreeRTOS-LTS/FreeRTOS/FreeRTOS-Kernel/tasks.o
 .bss.pxOverflowDelayedTaskList
                0x20000c6c        0x4 build/FreeRTOS-LTS/FreeRTOS/FreeRTOS-Kernel/tasks.o
 .bss.xPendingReadyList
                0x20000c70       0x1c build/FreeRTOS-LTS/FreeRTOS/FreeRTOS-Kernel/tasks.o
 .bss.xTasksWaitingTermination
                0x20000c8c       0x1c build/FreeRTOS-LTS/FreeRTOS/FreeRTOS-Kernel/tasks.o
 .bss.uxDeletedTasksWaitingCleanUp
                0x20000ca8        0x4 build/FreeRTOS-LTS/FreeRTOS/FreeRTOS-Kernel/tasks.o
 .bss.xSuspendedTaskList
                0x20000cac       0x1c build/FreeRTOS-LTS/FreeRTOS/FreeRTOS-Kernel/tasks.o
 .bss.uxCurrentNumberOfTasks
                0x20000cc8        0x4 build/FreeRTOS-LTS/FreeRTOS/FreeRTOS-Kernel/tasks.o
 .bss.xTickCount
                0x20000ccc        0x4 build/FreeRTOS-LTS/FreeRTOS/FreeRTOS-Kernel/tasks.o
 .bss.uxTopReadyPriority
                0x20000cd0        0x4 build/FreeRTOS-LTS/FreeRTOS/FreeRTOS-Kernel/tasks.o
 .bss.xSchedulerRunning
                0x20000cd4        0x4 build/FreeRTOS-LTS/FreeRTOS/FreeRTOS-Kernel/tasks.o
 .bss.xPendedTicks
                0x20000cd8        0x4 build/FreeRTOS-LTS/FreeRTOS/FreeRTOS-Kernel/tasks.o
 .bss.xYieldPendings
                0x20000cdc        0x4 build/FreeRTOS-LTS/FreeRTOS/FreeRTOS-Kernel/tasks.o
 .bss.xNumOfOverflows
                0x20000ce0        0x4 build/FreeRTOS-LTS/FreeRTOS/FreeRTOS-Kernel/tasks.o
 .bss.uxTaskNumber
                0x20000ce4        0x4 build/FreeRTOS-LTS/FreeRTOS/FreeRTOS-Kernel/tasks.o
 .bss.xNextTaskUnblockTime
                0x20000ce8        0x4 build/FreeRTOS-LTS/FreeRTOS/FreeRTOS-Kernel/tasks.o
 .bss.xIdleTaskHandles
                0x20000cec        0x4 build/FreeRTOS-LTS/FreeRTOS/FreeRTOS-Kernel/tasks.o
 .bss.uxSchedulerSuspended
                0x20000cf0        0x4 build/FreeRTOS-LTS/FreeRTOS/FreeRTOS-Kernel/tasks.o
 .bss.xIdleTaskTCB.3
                0x20000cf4       0x54 build/FreeRTOS-LTS/FreeRTOS/FreeRTOS-Kernel/tasks.o
 .bss.uxIdleTaskStack.2
                0x20000d48      0x200 build/FreeRTOS-LTS/FreeRTOS/FreeRTOS-Kernel/tasks.o
 .bss.xTimerTaskTCB.1
                0x20000f48       0x54 build/FreeRTOS-LTS/FreeRTOS/FreeRTOS-Kernel/tasks.o
 .bss.uxTimerTaskStack.0
                0x20000f9c      0x200 build/FreeRTOS-LTS/FreeRTOS/FreeRTOS-Kernel/tasks.o
 .bss.xActiveTimerList1
                0x2000119c       0x1c build/FreeRTOS-LTS/FreeRTOS/FreeRTOS-Kernel/timers.o
 .bss.xActiveTimerList2
                0x200011b8       0x1c build/FreeRTOS-LTS/FreeRTOS/FreeRTOS-Kernel/timers.o
 .bss.pxCurrentTimerList
                0x200011d4        0x4 build/FreeRTOS-LTS/FreeRTOS/FreeRTOS-Kernel/timers.o
 .bss.pxOverflowTimerList
                0x200011d8        0x4 build/FreeRTOS-LTS/FreeRTOS/FreeRTOS-Kernel/timers.o
 .bss.xTimerQueue
                0x200011dc        0x4 build/FreeRTOS-LTS/FreeRTOS/FreeRTOS-Kernel/timers.o
 .bss.xTimerTaskHandle
                0x200011e0        0x4 build/FreeRTOS-LTS/FreeRTOS/FreeRTOS-Kernel/timers.o
 .bss.xLastTime.2
                0x200011e4        0x4 build/FreeRTOS-LTS/FreeRTOS/FreeRTOS-Kernel/timers.o
 .bss.ucStaticTimerQueueStorage.1
                0x200011e8       0xa0 build/FreeRTOS-LTS/FreeRTOS/FreeRTOS-Kernel/timers.o
 .bss.xStaticTimerQueue.0
                0x20001288       0x5c build/FreeRTOS-LTS/FreeRTOS/FreeRTOS-Kernel/timers.o
 .bss.ucHeap    0x200012e4     0x8000 build/FreeRTOS-LTS/FreeRTOS/FreeRTOS-Kernel/portable/MemMang/heap_4.o
 .bss.xStart    0x200092e4        0x8 build/FreeRTOS-LTS/FreeRTOS/FreeRTOS-Kernel/portable/MemMang/heap_4.o
 .bss.pxEnd     0x200092ec        0x4 build/FreeRTOS-LTS/FreeRTOS/FreeRTOS-Kernel/portable/MemMang/heap_4.o
 .bss.xFreeBytesRemaining
                0x200092f0        0x4 build/FreeRTOS-LTS/FreeRTOS/FreeRTOS-Kernel/portable/MemMang/heap_4.o
 .bss.xMinimumEverFreeBytesRemaining
                0x200092f4        0x4 build/FreeRTOS-LTS/FreeRTOS/FreeRTOS-Kernel/portable/MemMang/heap_4.o
 .bss.xNumberOfSuccessfulAllocations
                0x200092f8        0x4 build/FreeRTOS-LTS/FreeRTOS/FreeRTOS-Kernel/portable/MemMang/heap_4.o
 .bss.xNumberOfSuccessfulFrees
                0x200092fc        0x4 build/FreeRTOS-LTS/FreeRTOS/FreeRTOS-Kernel/portable/MemMang/heap_4.o
 .bss.__sf      0x20009300      0x138 C:/ST/STM32CubeCLT_1.19.0/GNU-tools-for-STM32/bin/../lib/gcc/arm-none-eabi/13.3.1/../../../../arm-none-eabi/lib/thumb/v7e-m+fp/hard\libc.a(libc_a-findfp.o)
                0x20009300                __sf
 .bss.__stdio_exit_handler
                0x20009438        0x4 C:/ST/STM32CubeCLT_1.19.0/GNU-tools-for-STM32/bin/../lib/gcc/arm-none-eabi/13.3.1/../../../../arm-none-eabi/lib/thumb/v7e-m+fp/hard\libc.a(libc_a-findfp.o)
                0x20009438                __stdio_exit_handler
 .bss.errno     0x2000943c        0x4 C:/ST/STM32CubeCLT_1.19.0/GNU-tools-for-STM32/bin/../lib/gcc/arm-none-eabi/13.3.1/../../../../arm-none-eabi/lib/thumb/v7e-m+fp/hard\libc.a(libc_a-reent.o)
                0x2000943c                errno
 .bss.__lock___malloc_recursive_mutex
                0x20009440        0x1 C:/ST/STM32CubeCLT_1.19.0/GNU-tools-for-STM32/bin/../lib/gcc/arm-none-eabi/13.3.1/../../../../arm-none-eabi/lib/thumb/v7e-m+fp/hard\libc.a(libc_a-lock.o)
                0x20009440                __lock___malloc_recursive_mutex
 .bss.__lock___atexit_recursive_mutex
                0x20009441        0x1 C:/ST/STM32CubeCLT_1.19.0/GNU-tools-for-STM32/bin/../lib/gcc/arm-none-eabi/13.3.1/../../../../arm-none-eabi/lib/thumb/v7e-m+fp/hard\libc.a(libc_a-lock.o)
                0x20009441                __lock___atexit_recursive_mutex
 .bss.__lock___sfp_recursive_mutex
                0x20009442        0x1 C:/ST/STM32CubeCLT_1.19.0/GNU-tools-for-STM32/bin/../lib/gcc/arm-none-eabi/13.3.1/../../../../arm-none-eabi/lib/thumb/v7e-m+fp/hard\libc.a(libc_a-lock.o)
                0x20009442                __lock___sfp_recursive_mutex
 *fill*         0x20009443        0x1 
 .bss.__atexit  0x20009444        0x4 C:/ST/STM32CubeCLT_1.19.0/GNU-tools-for-STM32/bin/../lib/gcc/arm-none-eabi/13.3.1/../../../../arm-none-eabi/lib/thumb/v7e-m+fp/hard\libc.a(libc_a-__call_atexit.o)
                0x20009444                __atexit
 .bss.__malloc_current_mallinfo
                0x20009448       0x28 C:/ST/STM32CubeCLT_1.19.0/GNU-tools-for-STM32/bin/../lib/gcc/arm-none-eabi/13.3.1/../../../../arm-none-eabi/lib/thumb/v7e-m+fp/hard\libc.a(libc_a-mallocr.o)
                0x20009448                __malloc_current_mallinfo
 .bss.__malloc_max_total_mem
                0x20009470        0x4 C:/ST/STM32CubeCLT_1.19.0/GNU-tools-for-STM32/bin/../lib/gcc/arm-none-eabi/13.3.1/../../../../arm-none-eabi/lib/thumb/v7e-m+fp/hard\libc.a(libc_a-mallocr.o)
                0x20009470                __malloc_max_total_mem
 .bss.__malloc_max_sbrked_mem
                0x20009474        0x4 C:/ST/STM32CubeCLT_1.19.0/GNU-tools-for-STM32/bin/../lib/gcc/arm-none-eabi/13.3.1/../../../../arm-none-eabi/lib/thumb/v7e-m+fp/hard\libc.a(libc_a-mallocr.o)
                0x20009474                __malloc_max_sbrked_mem
 .bss.__malloc_top_pad
                0x20009478        0x4 C:/ST/STM32CubeCLT_1.19.0/GNU-tools-for-STM32/bin/../lib/gcc/arm-none-eabi/13.3.1/../../../../arm-none-eabi/lib/thumb/v7e-m+fp/hard\libc.a(libc_a-mallocr.o)
                0x20009478                __malloc_top_pad
 .bss.__atexit0
                0x2000947c      0x190 C:/ST/STM32CubeCLT_1.19.0/GNU-tools-for-STM32/bin/../lib/gcc/arm-none-eabi/13.3.1/../../../../arm-none-eabi/lib/thumb/v7e-m+fp/hard\libc.a(libc_a-__atexit.o)
                0x2000947c                __atexit0
 *(COMMON)
                0x2000960c                        . = ALIGN (0x4)
                0x2000960c                        _ebss = .
                0x2000960c                        __bss_end__ = _ebss

._user_heap_stack
                0x2000960c      0x604
                0x20009610                        . = ALIGN (0x8)
 *fill*         0x2000960c        0x4 
                [!provide]                        PROVIDE (end = .)
                0x20009610                        PROVIDE (_end = .)
                0x20009810                        . = (. + _Min_Heap_Size)
 *fill*         0x20009610      0x200 
                0x20009c10                        . = (. + _Min_Stack_Size)
 *fill*         0x20009810      0x400 
                0x20009c10                        . = ALIGN (0x8)

/DISCARD/
 libc.a(*)
 libm.a(*)
 libgcc.a(*)

.ARM.attributes
                0x00000000       0x30
 *(.ARM.attributes)
 .ARM.attributes
                0x00000000       0x22 C:/ST/STM32CubeCLT_1.19.0/GNU-tools-for-STM32/bin/../lib/gcc/arm-none-eabi/13.3.1/thumb/v7e-m+fp/hard/crti.o
 .ARM.attributes
                0x00000022       0x34 C:/ST/STM32CubeCLT_1.19.0/GNU-tools-for-STM32/bin/../lib/gcc/arm-none-eabi/13.3.1/thumb/v7e-m+fp/hard/crtbegin.o
 .ARM.attributes
                0x00000056       0x34 build/Src/syscalls.o
 .ARM.attributes
                0x0000008a       0x34 build/Src/sysmem.o
 .ARM.attributes
                0x000000be       0x34 build/Src/test_timer.o
 .ARM.attributes
                0x000000f2       0x34 build/driver/scr/adc.o
 .ARM.attributes
                0x00000126       0x34 build/driver/scr/clock.o
 .ARM.attributes
                0x0000015a       0x34 build/driver/scr/gpio.o
 .ARM.attributes
                0x0000018e       0x34 build/driver/scr/uart.o
 .ARM.attributes
                0x000001c2       0x34 build/driver/Mylib/Src/delay.o
 .ARM.attributes
                0x000001f6       0x34 build/driver/Mylib/Src/dht11.o
 .ARM.attributes
                0x0000022a       0x34 build/driver/Mylib/Src/led.o
 .ARM.attributes
                0x0000025e       0x34 build/FreeRTOS-LTS/FreeRTOS/FreeRTOS-Kernel/event_groups.o
 .ARM.attributes
                0x00000292       0x34 build/FreeRTOS-LTS/FreeRTOS/FreeRTOS-Kernel/list.o
 .ARM.attributes
                0x000002c6       0x34 build/FreeRTOS-LTS/FreeRTOS/FreeRTOS-Kernel/queue.o
 .ARM.attributes
                0x000002fa       0x34 build/FreeRTOS-LTS/FreeRTOS/FreeRTOS-Kernel/tasks.o
 .ARM.attributes
                0x0000032e       0x34 build/FreeRTOS-LTS/FreeRTOS/FreeRTOS-Kernel/timers.o
 .ARM.attributes
                0x00000362       0x34 build/FreeRTOS-LTS/FreeRTOS/FreeRTOS-Kernel/portable/GCC/ARM_CM4F/port.o
 .ARM.attributes
                0x00000396       0x34 build/FreeRTOS-LTS/FreeRTOS/FreeRTOS-Kernel/portable/MemMang/heap_4.o
 .ARM.attributes
                0x000003ca       0x21 build/Startup/startup_stm32f407vetx.o
 .ARM.attributes
                0x000003eb       0x22 C:/ST/STM32CubeCLT_1.19.0/GNU-tools-for-STM32/bin/../lib/gcc/arm-none-eabi/13.3.1/thumb/v7e-m+fp/hard\libgcc.a(_arm_addsubdf3.o)
 .ARM.attributes
                0x0000040d       0x22 C:/ST/STM32CubeCLT_1.19.0/GNU-tools-for-STM32/bin/../lib/gcc/arm-none-eabi/13.3.1/thumb/v7e-m+fp/hard\libgcc.a(_arm_muldivdf3.o)
 .ARM.attributes
                0x0000042f       0x22 C:/ST/STM32CubeCLT_1.19.0/GNU-tools-for-STM32/bin/../lib/gcc/arm-none-eabi/13.3.1/thumb/v7e-m+fp/hard\libgcc.a(_arm_truncdfsf2.o)
 .ARM.attributes
                0x00000451       0x34 C:/ST/STM32CubeCLT_1.19.0/GNU-tools-for-STM32/bin/../lib/gcc/arm-none-eabi/13.3.1/../../../../arm-none-eabi/lib/thumb/v7e-m+fp/hard\libc.a(libc_a-findfp.o)
 .ARM.attributes
                0x00000485       0x34 C:/ST/STM32CubeCLT_1.19.0/GNU-tools-for-STM32/bin/../lib/gcc/arm-none-eabi/13.3.1/../../../../arm-none-eabi/lib/thumb/v7e-m+fp/hard\libc.a(libc_a-fwalk.o)
 .ARM.attributes
                0x000004b9       0x34 C:/ST/STM32CubeCLT_1.19.0/GNU-tools-for-STM32/bin/../lib/gcc/arm-none-eabi/13.3.1/../../../../arm-none-eabi/lib/thumb/v7e-m+fp/hard\libc.a(libc_a-stdio.o)
 .ARM.attributes
                0x000004ed       0x34 C:/ST/STM32CubeCLT_1.19.0/GNU-tools-for-STM32/bin/../lib/gcc/arm-none-eabi/13.3.1/../../../../arm-none-eabi/lib/thumb/v7e-m+fp/hard\libc.a(libc_a-vsnprintf.o)
 .ARM.attributes
                0x00000521       0x34 C:/ST/STM32CubeCLT_1.19.0/GNU-tools-for-STM32/bin/../lib/gcc/arm-none-eabi/13.3.1/../../../../arm-none-eabi/lib/thumb/v7e-m+fp/hard\libc.a(libc_a-memset.o)
 .ARM.attributes
                0x00000555       0x34 C:/ST/STM32CubeCLT_1.19.0/GNU-tools-for-STM32/bin/../lib/gcc/arm-none-eabi/13.3.1/../../../../arm-none-eabi/lib/thumb/v7e-m+fp/hard\libc.a(libc_a-strstr.o)
 .ARM.attributes
                0x00000589       0x34 C:/ST/STM32CubeCLT_1.19.0/GNU-tools-for-STM32/bin/../lib/gcc/arm-none-eabi/13.3.1/../../../../arm-none-eabi/lib/thumb/v7e-m+fp/hard\libc.a(libc_a-closer.o)
 .ARM.attributes
                0x000005bd       0x34 C:/ST/STM32CubeCLT_1.19.0/GNU-tools-for-STM32/bin/../lib/gcc/arm-none-eabi/13.3.1/../../../../arm-none-eabi/lib/thumb/v7e-m+fp/hard\libc.a(libc_a-reent.o)
 .ARM.attributes
                0x000005f1       0x34 C:/ST/STM32CubeCLT_1.19.0/GNU-tools-for-STM32/bin/../lib/gcc/arm-none-eabi/13.3.1/../../../../arm-none-eabi/lib/thumb/v7e-m+fp/hard\libc.a(libc_a-impure.o)
 .ARM.attributes
                0x00000625       0x34 C:/ST/STM32CubeCLT_1.19.0/GNU-tools-for-STM32/bin/../lib/gcc/arm-none-eabi/13.3.1/../../../../arm-none-eabi/lib/thumb/v7e-m+fp/hard\libc.a(libc_a-lseekr.o)
 .ARM.attributes
                0x00000659       0x34 C:/ST/STM32CubeCLT_1.19.0/GNU-tools-for-STM32/bin/../lib/gcc/arm-none-eabi/13.3.1/../../../../arm-none-eabi/lib/thumb/v7e-m+fp/hard\libc.a(libc_a-readr.o)
 .ARM.attributes
                0x0000068d       0x34 C:/ST/STM32CubeCLT_1.19.0/GNU-tools-for-STM32/bin/../lib/gcc/arm-none-eabi/13.3.1/../../../../arm-none-eabi/lib/thumb/v7e-m+fp/hard\libc.a(libc_a-writer.o)
 .ARM.attributes
                0x000006c1       0x34 C:/ST/STM32CubeCLT_1.19.0/GNU-tools-for-STM32/bin/../lib/gcc/arm-none-eabi/13.3.1/../../../../arm-none-eabi/lib/thumb/v7e-m+fp/hard\libc.a(libc_a-errno.o)
 .ARM.attributes
                0x000006f5       0x34 C:/ST/STM32CubeCLT_1.19.0/GNU-tools-for-STM32/bin/../lib/gcc/arm-none-eabi/13.3.1/../../../../arm-none-eabi/lib/thumb/v7e-m+fp/hard\libc.a(libc_a-init.o)
 .ARM.attributes
                0x00000729       0x34 C:/ST/STM32CubeCLT_1.19.0/GNU-tools-for-STM32/bin/../lib/gcc/arm-none-eabi/13.3.1/../../../../arm-none-eabi/lib/thumb/v7e-m+fp/hard\libc.a(libc_a-lock.o)
 .ARM.attributes
                0x0000075d       0x34 C:/ST/STM32CubeCLT_1.19.0/GNU-tools-for-STM32/bin/../lib/gcc/arm-none-eabi/13.3.1/../../../../arm-none-eabi/lib/thumb/v7e-m+fp/hard\libc.a(libc_a-memcpy-stub.o)
 .ARM.attributes
                0x00000791       0x17 C:/ST/STM32CubeCLT_1.19.0/GNU-tools-for-STM32/bin/../lib/gcc/arm-none-eabi/13.3.1/../../../../arm-none-eabi/lib/thumb/v7e-m+fp/hard\libc.a(libc_a-strlen.o)
 .ARM.attributes
                0x000007a8       0x34 C:/ST/STM32CubeCLT_1.19.0/GNU-tools-for-STM32/bin/../lib/gcc/arm-none-eabi/13.3.1/../../../../arm-none-eabi/lib/thumb/v7e-m+fp/hard\libc.a(libc_a-__call_atexit.o)
 .ARM.attributes
                0x000007dc       0x34 C:/ST/STM32CubeCLT_1.19.0/GNU-tools-for-STM32/bin/../lib/gcc/arm-none-eabi/13.3.1/../../../../arm-none-eabi/lib/thumb/v7e-m+fp/hard\libc.a(libc_a-atexit.o)
 .ARM.attributes
                0x00000810       0x34 C:/ST/STM32CubeCLT_1.19.0/GNU-tools-for-STM32/bin/../lib/gcc/arm-none-eabi/13.3.1/../../../../arm-none-eabi/lib/thumb/v7e-m+fp/hard\libc.a(libc_a-freer.o)
 .ARM.attributes
                0x00000844       0x34 C:/ST/STM32CubeCLT_1.19.0/GNU-tools-for-STM32/bin/../lib/gcc/arm-none-eabi/13.3.1/../../../../arm-none-eabi/lib/thumb/v7e-m+fp/hard\libc.a(libc_a-mallocr.o)
 .ARM.attributes
                0x00000878       0x34 C:/ST/STM32CubeCLT_1.19.0/GNU-tools-for-STM32/bin/../lib/gcc/arm-none-eabi/13.3.1/../../../../arm-none-eabi/lib/thumb/v7e-m+fp/hard\libc.a(libc_a-mlock.o)
 .ARM.attributes
                0x000008ac       0x34 C:/ST/STM32CubeCLT_1.19.0/GNU-tools-for-STM32/bin/../lib/gcc/arm-none-eabi/13.3.1/../../../../arm-none-eabi/lib/thumb/v7e-m+fp/hard\libc.a(libc_a-svfprintf.o)
 .ARM.attributes
                0x000008e0       0x34 C:/ST/STM32CubeCLT_1.19.0/GNU-tools-for-STM32/bin/../lib/gcc/arm-none-eabi/13.3.1/../../../../arm-none-eabi/lib/thumb/v7e-m+fp/hard\libc.a(libc_a-ssprint_r.o)
 .ARM.attributes
                0x00000914       0x34 C:/ST/STM32CubeCLT_1.19.0/GNU-tools-for-STM32/bin/../lib/gcc/arm-none-eabi/13.3.1/../../../../arm-none-eabi/lib/thumb/v7e-m+fp/hard\libc.a(libc_a-fclose.o)
 .ARM.attributes
                0x00000948       0x34 C:/ST/STM32CubeCLT_1.19.0/GNU-tools-for-STM32/bin/../lib/gcc/arm-none-eabi/13.3.1/../../../../arm-none-eabi/lib/thumb/v7e-m+fp/hard\libc.a(libc_a-fflush.o)
 .ARM.attributes
                0x0000097c       0x34 C:/ST/STM32CubeCLT_1.19.0/GNU-tools-for-STM32/bin/../lib/gcc/arm-none-eabi/13.3.1/../../../../arm-none-eabi/lib/thumb/v7e-m+fp/hard\libc.a(libc_a-strncpy.o)
 .ARM.attributes
                0x000009b0       0x34 C:/ST/STM32CubeCLT_1.19.0/GNU-tools-for-STM32/bin/../lib/gcc/arm-none-eabi/13.3.1/../../../../arm-none-eabi/lib/thumb/v7e-m+fp/hard\libc.a(libc_a-localeconv.o)
 .ARM.attributes
                0x000009e4       0x34 C:/ST/STM32CubeCLT_1.19.0/GNU-tools-for-STM32/bin/../lib/gcc/arm-none-eabi/13.3.1/../../../../arm-none-eabi/lib/thumb/v7e-m+fp/hard\libc.a(libc_a-sbrkr.o)
 .ARM.attributes
                0x00000a18       0x34 C:/ST/STM32CubeCLT_1.19.0/GNU-tools-for-STM32/bin/../lib/gcc/arm-none-eabi/13.3.1/../../../../arm-none-eabi/lib/thumb/v7e-m+fp/hard\libc.a(libc_a-fini.o)
 .ARM.attributes
                0x00000a4c       0x34 C:/ST/STM32CubeCLT_1.19.0/GNU-tools-for-STM32/bin/../lib/gcc/arm-none-eabi/13.3.1/../../../../arm-none-eabi/lib/thumb/v7e-m+fp/hard\libc.a(libc_a-sysconf.o)
 .ARM.attributes
                0x00000a80       0x1c C:/ST/STM32CubeCLT_1.19.0/GNU-tools-for-STM32/bin/../lib/gcc/arm-none-eabi/13.3.1/../../../../arm-none-eabi/lib/thumb/v7e-m+fp/hard\libc.a(libc_a-memchr.o)
 .ARM.attributes
                0x00000a9c       0x34 C:/ST/STM32CubeCLT_1.19.0/GNU-tools-for-STM32/bin/../lib/gcc/arm-none-eabi/13.3.1/../../../../arm-none-eabi/lib/thumb/v7e-m+fp/hard\libc.a(libm_a-s_frexp.o)
 .ARM.attributes
                0x00000ad0       0x34 C:/ST/STM32CubeCLT_1.19.0/GNU-tools-for-STM32/bin/../lib/gcc/arm-none-eabi/13.3.1/../../../../arm-none-eabi/lib/thumb/v7e-m+fp/hard\libc.a(libc_a-__atexit.o)
 .ARM.attributes
                0x00000b04       0x34 C:/ST/STM32CubeCLT_1.19.0/GNU-tools-for-STM32/bin/../lib/gcc/arm-none-eabi/13.3.1/../../../../arm-none-eabi/lib/thumb/v7e-m+fp/hard\libc.a(libc_a-dtoa.o)
 .ARM.attributes
                0x00000b38       0x34 C:/ST/STM32CubeCLT_1.19.0/GNU-tools-for-STM32/bin/../lib/gcc/arm-none-eabi/13.3.1/../../../../arm-none-eabi/lib/thumb/v7e-m+fp/hard\libc.a(libc_a-mprec.o)
 .ARM.attributes
                0x00000b6c       0x34 C:/ST/STM32CubeCLT_1.19.0/GNU-tools-for-STM32/bin/../lib/gcc/arm-none-eabi/13.3.1/../../../../arm-none-eabi/lib/thumb/v7e-m+fp/hard\libc.a(libc_a-ssputs_r.o)
 .ARM.attributes
                0x00000ba0       0x34 C:/ST/STM32CubeCLT_1.19.0/GNU-tools-for-STM32/bin/../lib/gcc/arm-none-eabi/13.3.1/../../../../arm-none-eabi/lib/thumb/v7e-m+fp/hard\libc.a(libc_a-memmove.o)
 .ARM.attributes
                0x00000bd4       0x34 C:/ST/STM32CubeCLT_1.19.0/GNU-tools-for-STM32/bin/../lib/gcc/arm-none-eabi/13.3.1/../../../../arm-none-eabi/lib/thumb/v7e-m+fp/hard\libc.a(libc_a-locale.o)
 .ARM.attributes
                0x00000c08       0x34 C:/ST/STM32CubeCLT_1.19.0/GNU-tools-for-STM32/bin/../lib/gcc/arm-none-eabi/13.3.1/../../../../arm-none-eabi/lib/thumb/v7e-m+fp/hard\libc.a(libc_a-assert.o)
 .ARM.attributes
                0x00000c3c       0x34 C:/ST/STM32CubeCLT_1.19.0/GNU-tools-for-STM32/bin/../lib/gcc/arm-none-eabi/13.3.1/../../../../arm-none-eabi/lib/thumb/v7e-m+fp/hard\libc.a(libc_a-callocr.o)
 .ARM.attributes
                0x00000c70       0x34 C:/ST/STM32CubeCLT_1.19.0/GNU-tools-for-STM32/bin/../lib/gcc/arm-none-eabi/13.3.1/../../../../arm-none-eabi/lib/thumb/v7e-m+fp/hard\libc.a(libc_a-mbtowc_r.o)
 .ARM.attributes
                0x00000ca4       0x34 C:/ST/STM32CubeCLT_1.19.0/GNU-tools-for-STM32/bin/../lib/gcc/arm-none-eabi/13.3.1/../../../../arm-none-eabi/lib/thumb/v7e-m+fp/hard\libc.a(libc_a-reallocr.o)
 .ARM.attributes
                0x00000cd8       0x34 C:/ST/STM32CubeCLT_1.19.0/GNU-tools-for-STM32/bin/../lib/gcc/arm-none-eabi/13.3.1/../../../../arm-none-eabi/lib/thumb/v7e-m+fp/hard\libc.a(libc_a-wctomb_r.o)
 .ARM.attributes
                0x00000d0c       0x34 C:/ST/STM32CubeCLT_1.19.0/GNU-tools-for-STM32/bin/../lib/gcc/arm-none-eabi/13.3.1/../../../../arm-none-eabi/lib/thumb/v7e-m+fp/hard\libc.a(libc_a-ctype_.o)
 .ARM.attributes
                0x00000d40       0x34 C:/ST/STM32CubeCLT_1.19.0/GNU-tools-for-STM32/bin/../lib/gcc/arm-none-eabi/13.3.1/../../../../arm-none-eabi/lib/thumb/v7e-m+fp/hard\libc.a(libc_a-fiprintf.o)
 .ARM.attributes
                0x00000d74       0x34 C:/ST/STM32CubeCLT_1.19.0/GNU-tools-for-STM32/bin/../lib/gcc/arm-none-eabi/13.3.1/../../../../arm-none-eabi/lib/thumb/v7e-m+fp/hard\libc.a(libc_a-vfiprintf.o)
 .ARM.attributes
                0x00000da8       0x34 C:/ST/STM32CubeCLT_1.19.0/GNU-tools-for-STM32/bin/../lib/gcc/arm-none-eabi/13.3.1/../../../../arm-none-eabi/lib/thumb/v7e-m+fp/hard\libc.a(libc_a-sprint_r.o)
 .ARM.attributes
                0x00000ddc       0x34 C:/ST/STM32CubeCLT_1.19.0/GNU-tools-for-STM32/bin/../lib/gcc/arm-none-eabi/13.3.1/../../../../arm-none-eabi/lib/thumb/v7e-m+fp/hard\libc.a(libc_a-fvwrite.o)
 .ARM.attributes
                0x00000e10       0x34 C:/ST/STM32CubeCLT_1.19.0/GNU-tools-for-STM32/bin/../lib/gcc/arm-none-eabi/13.3.1/../../../../arm-none-eabi/lib/thumb/v7e-m+fp/hard\libc.a(libc_a-wsetup.o)
 .ARM.attributes
                0x00000e44       0x34 C:/ST/STM32CubeCLT_1.19.0/GNU-tools-for-STM32/bin/../lib/gcc/arm-none-eabi/13.3.1/../../../../arm-none-eabi/lib/thumb/v7e-m+fp/hard\libc.a(libc_a-abort.o)
 .ARM.attributes
                0x00000e78       0x34 C:/ST/STM32CubeCLT_1.19.0/GNU-tools-for-STM32/bin/../lib/gcc/arm-none-eabi/13.3.1/../../../../arm-none-eabi/lib/thumb/v7e-m+fp/hard\libc.a(libc_a-makebuf.o)
 .ARM.attributes
                0x00000eac       0x34 C:/ST/STM32CubeCLT_1.19.0/GNU-tools-for-STM32/bin/../lib/gcc/arm-none-eabi/13.3.1/../../../../arm-none-eabi/lib/thumb/v7e-m+fp/hard\libc.a(libc_a-signal.o)
 .ARM.attributes
                0x00000ee0       0x34 C:/ST/STM32CubeCLT_1.19.0/GNU-tools-for-STM32/bin/../lib/gcc/arm-none-eabi/13.3.1/../../../../arm-none-eabi/lib/thumb/v7e-m+fp/hard\libc.a(libc_a-fstatr.o)
 .ARM.attributes
                0x00000f14       0x34 C:/ST/STM32CubeCLT_1.19.0/GNU-tools-for-STM32/bin/../lib/gcc/arm-none-eabi/13.3.1/../../../../arm-none-eabi/lib/thumb/v7e-m+fp/hard\libc.a(libc_a-isattyr.o)
 .ARM.attributes
                0x00000f48       0x34 C:/ST/STM32CubeCLT_1.19.0/GNU-tools-for-STM32/bin/../lib/gcc/arm-none-eabi/13.3.1/../../../../arm-none-eabi/lib/thumb/v7e-m+fp/hard\libc.a(libc_a-signalr.o)
 .ARM.attributes
                0x00000f7c       0x22 C:/ST/STM32CubeCLT_1.19.0/GNU-tools-for-STM32/bin/../lib/gcc/arm-none-eabi/13.3.1/thumb/v7e-m+fp/hard\libgcc.a(_arm_cmpdf2.o)
 .ARM.attributes
                0x00000f9e       0x22 C:/ST/STM32CubeCLT_1.19.0/GNU-tools-for-STM32/bin/../lib/gcc/arm-none-eabi/13.3.1/thumb/v7e-m+fp/hard\libgcc.a(_arm_unorddf2.o)
 .ARM.attributes
                0x00000fc0       0x22 C:/ST/STM32CubeCLT_1.19.0/GNU-tools-for-STM32/bin/../lib/gcc/arm-none-eabi/13.3.1/thumb/v7e-m+fp/hard\libgcc.a(_arm_fixdfsi.o)
 .ARM.attributes
                0x00000fe2       0x22 C:/ST/STM32CubeCLT_1.19.0/GNU-tools-for-STM32/bin/../lib/gcc/arm-none-eabi/13.3.1/thumb/v7e-m+fp/hard\libgcc.a(_aeabi_uldivmod.o)
 .ARM.attributes
                0x00001004       0x34 C:/ST/STM32CubeCLT_1.19.0/GNU-tools-for-STM32/bin/../lib/gcc/arm-none-eabi/13.3.1/thumb/v7e-m+fp/hard\libgcc.a(_udivmoddi4.o)
 .ARM.attributes
                0x00001038       0x22 C:/ST/STM32CubeCLT_1.19.0/GNU-tools-for-STM32/bin/../lib/gcc/arm-none-eabi/13.3.1/thumb/v7e-m+fp/hard\libgcc.a(_dvmd_tls.o)
 .ARM.attributes
                0x0000105a       0x22 C:/ST/STM32CubeCLT_1.19.0/GNU-tools-for-STM32/bin/../lib/gcc/arm-none-eabi/13.3.1/thumb/v7e-m+fp/hard/crtn.o
OUTPUT(build/blink_led.elf elf32-littlearm)
LOAD linker stubs
LOAD C:/ST/STM32CubeCLT_1.19.0/GNU-tools-for-STM32/bin/../lib/gcc/arm-none-eabi/13.3.1/../../../../arm-none-eabi/lib/thumb/v7e-m+fp/hard\libc.a
LOAD C:/ST/STM32CubeCLT_1.19.0/GNU-tools-for-STM32/bin/../lib/gcc/arm-none-eabi/13.3.1/../../../../arm-none-eabi/lib/thumb/v7e-m+fp/hard\libm.a
LOAD C:/ST/STM32CubeCLT_1.19.0/GNU-tools-for-STM32/bin/../lib/gcc/arm-none-eabi/13.3.1/thumb/v7e-m+fp/hard\libgcc.a

.debug_info     0x00000000     0x947b
 .debug_info    0x00000000      0x69f build/Src/syscalls.o
 .debug_info    0x0000069f      0x164 build/Src/sysmem.o
 .debug_info    0x00000803      0x963 build/Src/test_timer.o
 .debug_info    0x00001166      0x20e build/driver/scr/adc.o